Component: ARM Compiler 5.05 update 1 (build 106) Tool: armlink [4d0efa]

==============================================================================

Section Cross References

    main.o(i.main) refers to bsp.o(i.bsp_Init) for bsp_Init
    main.o(i.main) refers to demo_mp3_player.o(i.DemoMP3) for DemoMP3
    demo_mp3_player.o(i.DemoMP3) refers to demo_mp3_player.o(i.MP3HardInit) for MP3HardInit
    demo_mp3_player.o(i.DemoMP3) refers to usbh_core.o(i.USBH_Init) for USBH_Init
    demo_mp3_player.o(i.DemoMP3) refers to usbh_core.o(i.USBH_Process) for USBH_Process
    demo_mp3_player.o(i.DemoMP3) refers to usbh_usr.o(.data) for USR_cb
    demo_mp3_player.o(i.DemoMP3) refers to usbh_msc_core.o(.data) for USBH_MSC_cb
    demo_mp3_player.o(i.DemoMP3) refers to usbh_usr.o(.bss) for USB_Host
    demo_mp3_player.o(i.FillSongList) refers to ff.o(i.f_mount) for f_mount
    demo_mp3_player.o(i.FillSongList) refers to printf8.o(i.__0printf$8) for __2printf
    demo_mp3_player.o(i.FillSongList) refers to printf8.o(i.__0sprintf$8) for __2sprintf
    demo_mp3_player.o(i.FillSongList) refers to ff.o(i.f_opendir) for f_opendir
    demo_mp3_player.o(i.FillSongList) refers to ff.o(i.f_readdir) for f_readdir
    demo_mp3_player.o(i.FillSongList) refers to strlen.o(.text) for strlen
    demo_mp3_player.o(i.FillSongList) refers to memcmp.o(.text) for memcmp
    demo_mp3_player.o(i.FillSongList) refers to strcpy.o(.text) for strcpy
    demo_mp3_player.o(i.FillSongList) refers to demo_mp3_player.o(.bss) for lfn
    demo_mp3_player.o(i.Generate_Index) refers to bsp_rng.o(i.bsp_Generate_Random) for bsp_Generate_Random
    demo_mp3_player.o(i.Generate_Index) refers to demo_mp3_player.o(.bss) for g_tMP3
    demo_mp3_player.o(i.MP3HardInit) refers to bsp_vs1053b.o(i.vs1053_WaitTimeOut) for vs1053_WaitTimeOut
    demo_mp3_player.o(i.MP3HardInit) refers to printf8.o(i.__0printf$8) for __2printf
    demo_mp3_player.o(i.MP3HardInit) refers to bsp_vs1053b.o(i.vs1053_Init) for vs1053_Init
    demo_mp3_player.o(i.MP3HardInit) refers to bsp_vs1053b.o(i.vs1053_SoftReset) for vs1053_SoftReset
    demo_mp3_player.o(i.MP3HardInit) refers to bsp_vs1053b.o(i.vs1053_ReadChipID) for vs1053_ReadChipID
    demo_mp3_player.o(i.MP3HardInit) refers to bsp_vs1053b.o(i.vs1053_SetVolume) for vs1053_SetVolume
    demo_mp3_player.o(i.MP3HardInit) refers to bsp_vs1053b.o(i.vs1053_SetBASS) for vs1053_SetBASS
    demo_mp3_player.o(i.MP3HardInit) refers to demo_mp3_player.o(.bss) for g_tMP3
    demo_mp3_player.o(i.Mp3Pro) refers to bsp_vs1053b.o(i.vs1053_ReqNewData) for vs1053_ReqNewData
    demo_mp3_player.o(i.Mp3Pro) refers to ff.o(i.f_read) for f_read
    demo_mp3_player.o(i.Mp3Pro) refers to bsp_vs1053b.o(i.vs1053_PreWriteData) for vs1053_PreWriteData
    demo_mp3_player.o(i.Mp3Pro) refers to bsp_vs1053b.o(i.vs1053_WriteData) for vs1053_WriteData
    demo_mp3_player.o(i.Mp3Pro) refers to demo_mp3_player.o(.bss) for g_Mp3File
    demo_mp3_player.o(i.ush_usr_action) refers to bsp.o(i.bsp_Idle) for bsp_Idle
    demo_mp3_player.o(i.ush_usr_action) refers to memseta.o(.text) for __aeabi_memclr4
    demo_mp3_player.o(i.ush_usr_action) refers to memcpya.o(.text) for __aeabi_memcpy
    demo_mp3_player.o(i.ush_usr_action) refers to demo_mp3_player.o(i.atoi) for atoi
    demo_mp3_player.o(i.ush_usr_action) refers to ff.o(i.f_close) for f_close
    demo_mp3_player.o(i.ush_usr_action) refers to printf8.o(i.__0sprintf$8) for __2sprintf
    demo_mp3_player.o(i.ush_usr_action) refers to ff.o(i.f_open) for f_open
    demo_mp3_player.o(i.ush_usr_action) refers to printf8.o(i.__0printf$8) for __2printf
    demo_mp3_player.o(i.ush_usr_action) refers to demo_mp3_player.o(i.Mp3Pro) for Mp3Pro
    demo_mp3_player.o(i.ush_usr_action) refers to demo_mp3_player.o(i.Generate_Index) for Generate_Index
    demo_mp3_player.o(i.ush_usr_action) refers to bsp_usart.o(.bss) for g_tUsart1
    demo_mp3_player.o(i.ush_usr_action) refers to demo_mp3_player.o(.bss) for g_tMP3
    demo_mp3_player.o(i.ush_usr_action) refers to demo_mp3_player.o(.data) for ucNextSong
    demo_mp3_player.o(i.ush_usr_fs_init) refers to demo_mp3_player.o(i.FillSongList) for FillSongList
    demo_mp3_player.o(i.ush_usr_fs_init) refers to demo_mp3_player.o(i.Generate_Index) for Generate_Index
    demo_mp3_player.o(i.ush_usr_fs_init) refers to demo_mp3_player.o(.bss) for g_tMP3
    demo_mp3_player.o(i.ush_usr_fs_init) refers to demo_mp3_player.o(.data) for ucNextSong
    bsp_timer.o(i.SysTick_Handler) refers to bsp_timer.o(i.SysTick_ISR) for SysTick_ISR
    bsp_timer.o(i.SysTick_ISR) refers to bsp_timer.o(i.bsp_SoftTimerDec) for bsp_SoftTimerDec
    bsp_timer.o(i.SysTick_ISR) refers to bsp.o(i.bsp_RunPer1ms) for bsp_RunPer1ms
    bsp_timer.o(i.SysTick_ISR) refers to bsp.o(i.bsp_RunPer10ms) for bsp_RunPer10ms
    bsp_timer.o(i.SysTick_ISR) refers to bsp_timer.o(.data) for s_uiDelayCount
    bsp_timer.o(i.SysTick_ISR) refers to bsp_timer.o(.bss) for s_tTmr
[...]
    i.dir_find                               0x08005fba   Section        0  ff.o(i.dir_find)
    dir_find                                 0x08005fbb   Thumb Code   222  ff.o(i.dir_find)
    i.dir_next                               0x08006098   Section        0  ff.o(i.dir_next)
    dir_next                                 0x08006099   Thumb Code   276  ff.o(i.dir_next)
    i.dir_read                               0x080061ac   Section        0  ff.o(i.dir_read)
    dir_read                                 0x080061ad   Thumb Code   196  ff.o(i.dir_read)
    i.dir_register                           0x08006270   Section        0  ff.o(i.dir_register)
    dir_register                             0x08006271   Thumb Code   310  ff.o(i.dir_register)
    i.dir_sdi                                0x080063a6   Section        0  ff.o(i.dir_sdi)
    dir_sdi                                  0x080063a7   Thumb Code   156  ff.o(i.dir_sdi)
    i.disk_initialize                        0x08006444   Section        0  diskio.o(i.disk_initialize)
    i.disk_ioctl                             0x0800646c   Section        0  diskio.o(i.disk_ioctl)
    i.disk_read                              0x080064cc   Section        0  diskio.o(i.disk_read)
    i.disk_status                            0x08006538   Section        0  diskio.o(i.disk_status)
    i.disk_write                             0x0800654c   Section        0  diskio.o(i.disk_write)
    i.enq_lock                               0x080065c8   Section        0  ff.o(i.enq_lock)
    enq_lock                                 0x080065c9   Thumb Code    36  ff.o(i.enq_lock)
    i.f_close                                0x080065f0   Section        0  ff.o(i.f_close)
    i.f_mount                                0x08006610   Section        0  ff.o(i.f_mount)
    i.f_open                                 0x08006644   Section        0  ff.o(i.f_open)
    i.f_opendir                              0x080067e4   Section        0  ff.o(i.f_opendir)
    i.f_read                                 0x0800685c   Section        0  ff.o(i.f_read)
    i.f_readdir                              0x08006a26   Section        0  ff.o(i.f_readdir)
    i.f_sync                                 0x08006a8a   Section        0  ff.o(i.f_sync)
    i.ff_convert                             0x08006b3c   Section        0  cc936.o(i.ff_convert)
    i.ff_wtoupper                            0x08006bb8   Section        0  cc936.o(i.ff_wtoupper)
    i.fit_lfn                                0x08006bf0   Section        0  ff.o(i.fit_lfn)
    fit_lfn                                  0x08006bf1   Thumb Code   122  ff.o(i.fit_lfn)
    i.follow_path                            0x08006c70   Section        0  ff.o(i.follow_path)
    follow_path                              0x08006c71   Thumb Code   146  ff.o(i.follow_path)
    i.fputc                                  0x08006d04   Section        0  bsp_usart.o(i.fputc)
    i.gen_numname                            0x08006d28   Section        0  ff.o(i.gen_numname)
    i.get_fat                                0x08006de6   Section        0  ff.o(i.get_fat)
    i.get_fattime                            0x08006ecc   Section        0  diskio.o(i.get_fattime)
    i.get_fileinfo                           0x08006ed4   Section        0  ff.o(i.get_fileinfo)
    get_fileinfo                             0x08006ed5   Thumb Code   316  ff.o(i.get_fileinfo)
    i.inc_lock                               0x08007010   Section        0  ff.o(i.inc_lock)
    inc_lock                                 0x08007011   Thumb Code   214  ff.o(i.inc_lock)
    i.ld_clust                               0x080070ec   Section        0  ff.o(i.ld_clust)
    ld_clust                                 0x080070ed   Thumb Code    32  ff.o(i.ld_clust)
    i.main                                   0x0800710c   Section        0  main.o(i.main)
    i.mem_cmp                                0x0800711a   Section        0  ff.o(i.mem_cmp)
    mem_cmp                                  0x0800711b   Thumb Code    38  ff.o(i.mem_cmp)
    i.mem_cpy                                0x08007140   Section        0  ff.o(i.mem_cpy)
    mem_cpy                                  0x08007141   Thumb Code    26  ff.o(i.mem_cpy)
    i.mem_set                                0x0800715a   Section        0  ff.o(i.mem_set)
    mem_set                                  0x0800715b   Thumb Code    20  ff.o(i.mem_set)
    i.move_window                            0x0800716e   Section        0  ff.o(i.move_window)
    move_window                              0x0800716f   Thumb Code    50  ff.o(i.move_window)
    i.pick_lfn                               0x080071a0   Section        0  ff.o(i.pick_lfn)
    pick_lfn                                 0x080071a1   Thumb Code   112  ff.o(i.pick_lfn)
    i.put_fat                                0x08007214   Section        0  ff.o(i.put_fat)
    i.remove_chain                           0x0800734a   Section        0  ff.o(i.remove_chain)
    remove_chain                             0x0800734b   Thumb Code   104  ff.o(i.remove_chain)
    i.st_clust                               0x080073b2   Section        0  ff.o(i.st_clust)
    st_clust                                 0x080073b3   Thumb Code    16  ff.o(i.st_clust)
    i.sum_sfn                                0x080073c2   Section        0  ff.o(i.sum_sfn)
    sum_sfn                                  0x080073c3   Thumb Code    32  ff.o(i.sum_sfn)
    i.sync_fs                                0x080073e2   Section        0  ff.o(i.sync_fs)
    sync_fs                                  0x080073e3   Thumb Code   200  ff.o(i.sync_fs)
    i.sync_window                            0x080074aa   Section        0  ff.o(i.sync_window)
    sync_window                              0x080074ab   Thumb Code    82  ff.o(i.sync_window)
    i.ush_usr_action                         0x080074fc   Section        0  demo_mp3_player.o(i.ush_usr_action)
    i.ush_usr_fs_init                        0x08007674   Section        0  demo_mp3_player.o(i.ush_usr_fs_init)
    i.validate                               0x080076c0   Section        0  ff.o(i.validate)
    validate                                 0x080076c1   Thumb Code    54  ff.o(i.validate)
    i.vs1053_Init                            0x080076f8   Section        0  bsp_vs1053b.o(i.vs1053_Init)
    i.vs1053_PreWriteData                    0x080077b8   Section        0  bsp_vs1053b.o(i.vs1053_PreWriteData)
    i.vs1053_ReadByte                        0x080077d0   Section        0  bsp_vs1053b.o(i.vs1053_ReadByte)
    i.vs1053_ReadChipID                      0x080077da   Section        0  bsp_vs1053b.o(i.vs1053_ReadChipID)
    i.vs1053_ReadReg                         0x080077ec   Section        0  bsp_vs1053b.o(i.vs1053_ReadReg)
    i.vs1053_ReqNewData                      0x08007834   Section        0  bsp_vs1053b.o(i.vs1053_ReqNewData)
    i.vs1053_SetBASS                         0x0800784c   Section        0  bsp_vs1053b.o(i.vs1053_SetBASS)
    i.vs1053_SetVolume                       0x080078ca   Section        0  bsp_vs1053b.o(i.vs1053_SetVolume)
    i.vs1053_SoftReset                       0x080078ee   Section        0  bsp_vs1053b.o(i.vs1053_SoftReset)
    i.vs1053_WaitTimeOut                     0x0800794c   Section        0  bsp_vs1053b.o(i.vs1053_WaitTimeOut)
    i.vs1053_WriteByte                       0x0800797c   Section        0  bsp_vs1053b.o(i.vs1053_WriteByte)
    i.vs1053_WriteCmd                        0x080079b4   Section        0  bsp_vs1053b.o(i.vs1053_WriteCmd)
    i.vs1053_WriteData                       0x080079fc   Section        0  bsp_vs1053b.o(i.vs1053_WriteData)
    .constdata                               0x08007a24   Section     1210  bsp_vs1053b.o(.constdata)
    .constdata                               0x08007ede   Section       13  ff.o(.constdata)
    LfnOfs                                   0x08007ede   Data          13  ff.o(.constdata)
    .constdata                               0x08007eec   Section    175304  cc936.o(.constdata)
    uni2oem                                  0x08007eec   Data       87172  cc936.o(.constdata)
    oem2uni                                  0x0801d370   Data       87172  cc936.o(.constdata)
    tbl_lower                                0x080327f4   Data         480  cc936.o(.constdata)
    tbl_upper                                0x080329d4   Data         480  cc936.o(.constdata)
    .constdata                               0x08032bb4   Section      425  usbh_usr.o(.constdata)
    .data                                    0x20000000   Section        2  demo_mp3_player.o(.data)
    .data                                    0x20000004   Section       13  bsp_timer.o(.data)
    s_uiDelayCount                           0x20000004   Data           4  bsp_timer.o(.data)
    s_ucTimeOutFlag                          0x20000008   Data           1  bsp_timer.o(.data)
    s_count                                  0x20000010   Data           1  bsp_timer.o(.data)
    .data                                    0x20000011   Section       16  stm32f4xx_rcc.o(.data)
    APBAHBPrescTable                         0x20000011   Data          16  stm32f4xx_rcc.o(.data)
    .data                                    0x20000024   Section       20  system_stm32f4xx.o(.data)
    .data                                    0x20000038   Section        1  diskio.o(.data)
    Stat                                     0x20000038   Data           1  diskio.o(.data)
    .data                                    0x2000003c   Section       10  ff.o(.data)
    FatFs                                    0x2000003c   Data           8  ff.o(.data)
    Fsid                                     0x20000044   Data           2  ff.o(.data)
    .data                                    0x20000048   Section        8  usb_bsp.o(.data)
    .data                                    0x20000050   Section       77  usbh_usr.o(.data)
    startup                                  0x2000009c   Data           1  usbh_usr.o(.data)
    .data                                    0x200000a0   Section       17  usbh_msc_bot.o(.data)
    BOTStallErrorCount                       0x200000a0   Data           4  usbh_msc_bot.o(.data)
    remainingDataLength                      0x200000a4   Data           4  usbh_msc_bot.o(.data)
    datapointer                              0x200000a8   Data           4  usbh_msc_bot.o(.data)
    datapointer_prev                         0x200000ac   Data           4  usbh_msc_bot.o(.data)
    error_direction                          0x200000b0   Data           1  usbh_msc_bot.o(.data)
    .data                                    0x200000b4   Section       29  usbh_msc_core.o(.data)
    maxLunExceed                             0x200000d0   Data           1  usbh_msc_core.o(.data)
    .data                                    0x200000d1   Section        1  usbh_msc_scsi.o(.data)
    status                                   0x200000d1   Data           1  usbh_msc_scsi.o(.data)
    .data                                    0x200000d4   Section       18  usbh_core.o(.data)
    timeout                                  0x200000e4   Data           2  usbh_core.o(.data)
    .data                                    0x200000e6   Section        3  usbh_stdreq.o(.data)
    prev_ep_size                             0x200000e6   Data           2  usbh_stdreq.o(.data)
    prev_itf                                 0x200000e8   Data           1  usbh_stdreq.o(.data)
    .data                                    0x200000ec   Section        4  stdout.o(.data)
    .bss                                     0x200000f0   Section    84192  demo_mp3_player.o(.bss)
    lfn                                      0x200148d0   Data         256  demo_mp3_player.o(.bss)
    .bss                                     0x200149d0   Section       48  bsp_timer.o(.bss)
    s_tTmr                                   0x200149d0   Data          48  bsp_timer.o(.bss)
    .bss                                     0x20014a00   Section     4144  bsp_usart.o(.bss)
    ucTxBuf1                                 0x20014a18   Data        1024  bsp_usart.o(.bss)
    ucRxBuf1                                 0x20014e18   Data        1024  bsp_usart.o(.bss)
    ucTxBuf3                                 0x20015230   Data        1024  bsp_usart.o(.bss)
    ucRxBuf3                                 0x20015630   Data        1024  bsp_usart.o(.bss)
    .bss                                     0x20015a30   Section       36  ff.o(.bss)
    Files                                    0x20015a30   Data          36  ff.o(.bss)
    .bss                                     0x20015a54   Section     1584  usbh_usr.o(.bss)
    .bss                                     0x20016084   Section       64  usbh_msc_bot.o(.bss)
    .bss                                     0x200160c4   Section      522  usbh_msc_core.o(.bss)
    .bss                                     0x200162d0   Section     1040  usbh_msc_scsi.o(.bss)
    .bss                                     0x200166e0   Section      512  usbh_stdreq.o(.bss)
    STACK                                    0x200168e0   Section    16384  startup_stm32f40_41xxx.o(STACK)

    Global Symbols

    Symbol Name                              Value     Ov Type        Size  Object(Section)

    BuildAttributes$$THM_ISAv4$E$P$D$K$B$S$7EM$VFPi3$EXTD16$VFPS$VFMA$PE$A:L22UL41UL21$X:L11$S22US41US21$IEEE1$IW$USESV6$~STKCKD$USESV7$~SHL$OSPACE$ROPI$EBA8$MICROLIB$REQ8$PRES8$EABIv2 0x00000000   Number         0  anon$$obj.o ABSOLUTE
    __ARM_use_no_argv                        0x00000000   Number         0  main.o ABSOLUTE
    _printf_a                                0x00000000   Number         0  stubs.o ABSOLUTE
    _printf_c                                0x00000000   Number         0  stubs.o ABSOLUTE
    _printf_charcount                        0x00000000   Number         0  stubs.o ABSOLUTE
    _printf_d                                0x00000000   Number         0  stubs.o ABSOLUTE
    _printf_e                                0x00000000   Number         0  stubs.o ABSOLUTE
    _printf_f                                0x00000000   Number         0  stubs.o ABSOLUTE
    _printf_flags                            0x00000000   Number         0  stubs.o ABSOLUTE
    _printf_fp_dec                           0x00000000   Number         0  stubs.o ABSOLUTE
    _printf_fp_hex                           0x00000000   Number         0  stubs.o ABSOLUTE
    _printf_g                                0x00000000   Number         0  stubs.o ABSOLUTE
    _printf_i                                0x00000000   Number         0  stubs.o ABSOLUTE
    _printf_int_dec                          0x00000000   Number         0  stubs.o ABSOLUTE
    _printf_l                                0x00000000   Number         0  stubs.o ABSOLUTE
    _printf_lc                               0x00000000   Number         0  stubs.o ABSOLUTE
    _printf_ll                               0x00000000   Number         0  stubs.o ABSOLUTE
    _printf_lld                              0x00000000   Number         0  stubs.o ABSOLUTE
    _printf_lli                              0x00000000   Number         0  stubs.o ABSOLUTE
    _printf_llo                              0x00000000   Number         0  stubs.o ABSOLUTE
    _printf_llu                              0x00000000   Number         0  stubs.o ABSOLUTE
    _printf_llx                              0x00000000   Number         0  stubs.o ABSOLUTE
    _printf_longlong_dec                     0x00000000   Number         0  stubs.o ABSOLUTE
    _printf_longlong_hex                     0x00000000   Number         0  stubs.o ABSOLUTE
    _printf_longlong_oct                     0x00000000   Number         0  stubs.o ABSOLUTE
    _printf_ls                               0x00000000   Number         0  stubs.o ABSOLUTE
    _printf_mbtowc                           0x00000000   Number         0  stubs.o ABSOLUTE
    _printf_n                                0x00000000   Number         0  stubs.o ABSOLUTE
    _printf_o                                0x00000000   Number         0  stubs.o ABSOLUTE
    _printf_p                                0x00000000   Number         0  stubs.o ABSOLUTE
    _printf_percent                          0x00000000   Number         0  stubs.o ABSOLUTE
    _printf_pre_padding                      0x00000000   Number         0  stubs.o ABSOLUTE
    _printf_return_value                     0x00000000   Number         0  stubs.o ABSOLUTE
    _printf_s                                0x00000000   Number         0  stubs.o ABSOLUTE
    _printf_sizespec                         0x00000000   Number         0  stubs.o ABSOLUTE
    _printf_str                              0x00000000   Number         0  stubs.o ABSOLUTE
    _printf_truncate_signed                  0x00000000   Number         0  stubs.o ABSOLUTE
    _printf_truncate_unsigned                0x00000000   Number         0  stubs.o ABSOLUTE
    _printf_u                                0x00000000   Number         0  stubs.o ABSOLUTE
    _printf_wc                               0x00000000   Number         0  stubs.o ABSOLUTE
    _printf_wctomb                           0x00000000   Number         0  stubs.o ABSOLUTE
    _printf_widthprec                        0x00000000   Number         0  stubs.o ABSOLUTE
    _printf_x                                0x00000000   Number         0  stubs.o ABSOLUTE
    __cpp_initialize__aeabi_                  - Undefined Weak Reference
    __cxa_finalize                            - Undefined Weak Reference
    __decompress                              - Undefined Weak Reference
    _clock_init                               - Undefined Weak Reference
    _microlib_exit                            - Undefined Weak Reference
    __Vectors_Size                           0x00000188   Number         0  startup_stm32f40_41xxx.o ABSOLUTE
    __Vectors                                0x08000000   Data           4  startup_stm32f40_41xxx.o(RESET)
    __Vectors_End                            0x08000188   Data           0  startup_stm32f40_41xxx.o(RESET)
    __main                                   0x08000189   Thumb Code     0  entry.o(.ARM.Collect$$$$00000000)
    _main_stk                                0x08000189   Thumb Code     0  entry2.o(.ARM.Collect$$$$00000001)
    _main_scatterload                        0x0800018d   Thumb Code     0  entry5.o(.ARM.Collect$$$$00000004)
    __main_after_scatterload                 0x08000191   Thumb Code     0  entry5.o(.ARM.Collect$$$$00000004)
    _main_clock                              0x08000191   Thumb Code     0  entry7b.o(.ARM.Collect$$$$00000008)
    _main_cpp_init                           0x08000191   Thumb Code     0  entry8b.o(.ARM.Collect$$$$0000000A)
    _main_init                               0x08000191   Thumb Code     0  entry9a.o(.ARM.Collect$$$$0000000B)
    __rt_final_cpp                           0x08000199   Thumb Code     0  entry10a.o(.ARM.Collect$$$$0000000D)
    __rt_final_exit                          0x08000199   Thumb Code     0  entry11a.o(.ARM.Collect$$$$0000000F)
    Reset_Handler                            0x0800019d   Thumb Code     8  startup_stm32f40_41xxx.o(.text)
    ADC_IRQHandler                           0x080001b7   Thumb Code     0  startup_stm32f40_41xxx.o(.text)
    CAN1_RX0_IRQHandler                      0x080001b7   Thumb Code     0  startup_stm32f40_41xxx.o(.text)
    CAN1_RX1_IRQHandler                      0x080001b7   Thumb Code     0  startup_stm32f40_41xxx.o(.text)
    CAN1_SCE_IRQHandler                      0x080001b7   Thumb Code     0  startup_stm32f40_41xxx.o(.text)
    CAN1_TX_IRQHandler                       0x080001b7   Thumb Code     0  startup_stm32f40_41xxx.o(.text)
    CAN2_RX0_IRQHandler                      0x080001b7   Thumb Code     0  startup_stm32f40_41xxx.o(.text)
    CAN2_RX1_IRQHandler                      0x080001b7   Thumb Code     0  startup_stm32f40_41xxx.o(.text)
    CAN2_SCE_IRQHandler                      0x080001b7   Thumb Code     0  startup_stm32f40_41xxx.o(.text)
    CAN2_TX_IRQHandler                       0x080001b7   Thumb Code     0  startup_stm32f40_41xxx.o(.text)
    CRYP_IRQHandler                          0x080001b7   Thumb Code     0  startup_stm32f40_41xxx.o(.text)
    DCMI_IRQHandler                          0x080001b7   Thumb Code     0  startup_stm32f40_41xxx.o(.text)
    DMA1_Stream0_IRQHandler                  0x080001b7   Thumb Code     0  startup_stm32f40_41xxx.o(.text)
    DMA1_Stream1_IRQHandler                  0x080001b7   Thumb Code     0  startup_stm32f40_41xxx.o(.text)
    DMA1_Stream2_IRQHandler                  0x080001b7   Thumb Code     0  startup_stm32f40_41xxx.o(.text)
    DMA1_Stream4_IRQHandler                  0x080001b7   Thumb Code     0  startup_stm32f40_41xxx.o(.text)
    DMA1_Stream5_IRQHandler                  0x080001b7   Thumb Code     0  startup_stm32f40_41xxx.o(.text)
    DMA1_Stream6_IRQHandler                  0x080001b7   Thumb Code     0  startup_stm32f40_41xxx.o(.text)
    DMA1_Stream7_IRQHandler                  0x080001b7   Thumb Code     0  startup_stm32f40_41xxx.o(.text)
    DMA2_Stream0_IRQHandler                  0x080001b7   Thumb Code     0  startup_stm32f40_41xxx.o(.text)
    DMA2_Stream1_IRQHandler                  0x080001b7   Thumb Code     0  startup_stm32f40_41xxx.o(.text)
    DMA2_Stream2_IRQHandler                  0x080001b7   Thumb Code     0  startup_stm32f40_41xxx.o(.text)
    DMA2_Stream3_IRQHandler                  0x080001b7   Thumb Code     0  startup_stm32f40_41xxx.o(.text)
    DMA2_Stream4_IRQHandler                  0x080001b7   Thumb Code     0  startup_stm32f40_41xxx.o(.text)
    DMA2_Stream5_IRQHandler                  0x080001b7   Thumb Code     0  startup_stm32f40_41xxx.o(.text)
    DMA2_Stream6_IRQHandler                  0x080001b7   Thumb Code     0  startup_stm32f40_41xxx.o(.text)
    ETH_IRQHandler                           0x080001b7   Thumb Code     0  startup_stm32f40_41xxx.o(.text)
    ETH_WKUP_IRQHandler                      0x080001b7   Thumb Code     0  startup_stm32f40_41xxx.o(.text)
    EXTI0_IRQHandler                         0x080001b7   Thumb Code     0  startup_stm32f40_41xxx.o(.text)
    EXTI15_10_IRQHandler                     0x080001b7   Thumb Code     0  startup_stm32f40_41xxx.o(.text)
    EXTI1_IRQHandler                         0x080001b7   Thumb Code     0  startup_stm32f40_41xxx.o(.text)
    EXTI2_IRQHandler                         0x080001b7   Thumb Code     0  startup_stm32f40_41xxx.o(.text)
    EXTI3_IRQHandler                         0x080001b7   Thumb Code     0  startup_stm32f40_41xxx.o(.text)
    EXTI4_IRQHandler                         0x080001b7   Thumb Code     0  startup_stm32f40_41xxx.o(.text)
    EXTI9_5_IRQHandler                       0x080001b7   Thumb Code     0  startup_stm32f40_41xxx.o(.text)
    FLASH_IRQHandler                         0x080001b7   Thumb Code     0  startup_stm32f40_41xxx.o(.text)
    FPU_IRQHandler                           0x080001b7   Thumb Code     0  startup_stm32f40_41xxx.o(.text)
    FSMC_IRQHandler                          0x080001b7   Thumb Code     0  startup_stm32f40_41xxx.o(.text)
    HASH_RNG_IRQHandler                      0x080001b7   Thumb Code     0  startup_stm32f40_41xxx.o(.text)
    I2C1_ER_IRQHandler                       0x080001b7   Thumb Code     0  startup_stm32f40_41xxx.o(.text)
    I2C1_EV_IRQHandler                       0x080001b7   Thumb Code     0  startup_stm32f40_41xxx.o(.text)
    I2C2_ER_IRQHandler                       0x080001b7   Thumb Code     0  startup_stm32f40_41xxx.o(.text)
    I2C2_EV_IRQHandler                       0x080001b7   Thumb Code     0  startup_stm32f40_41xxx.o(.text)
    I2C3_ER_IRQHandler                       0x080001b7   Thumb Code     0  startup_stm32f40_41xxx.o(.text)
    I2C3_EV_IRQHandler                       0x080001b7   Thumb Code     0  startup_stm32f40_41xxx.o(.text)
    OTG_FS_IRQHandler                        0x080001b7   Thumb Code     0  startup_stm32f40_41xxx.o(.text)
    OTG_FS_WKUP_IRQHandler                   0x080001b7   Thumb Code     0  startup_stm32f40_41xxx.o(.text)
    OTG_HS_EP1_IN_IRQHandler                 0x080001b7   Thumb Code     0  startup_stm32f40_41xxx.o(.text)
    OTG_HS_EP1_OUT_IRQHandler                0x080001b7   Thumb Code     0  startup_stm32f40_41xxx.o(.text)
    OTG_HS_WKUP_IRQHandler                   0x080001b7   Thumb Code     0  startup_stm32f40_41xxx.o(.text)
    PVD_IRQHandler                           0x080001b7   Thumb Code     0  startup_stm32f40_41xxx.o(.text)
    RCC_IRQHandler                           0x080001b7   Thumb Code     0  startup_stm32f40_41xxx.o(.text)
    RTC_Alarm_IRQHandler                     0x080001b7   Thumb Code     0  startup_stm32f40_41xxx.o(.text)
    RTC_WKUP_IRQHandler                      0x080001b7   Thumb Code     0  startup_stm32f40_41xxx.o(.text)
    SDIO_IRQHandler                          0x080001b7   Thumb Code     0  startup_stm32f40_41xxx.o(.text)
    SPI1_IRQHandler                          0x080001b7   Thumb Code     0  startup_stm32f40_41xxx.o(.text)
    SPI2_IRQHandler                          0x080001b7   Thumb Code     0  startup_stm32f40_41xxx.o(.text)
    SPI3_IRQHandler                          0x080001b7   Thumb Code     0  startup_stm32f40_41xxx.o(.text)
    TAMP_STAMP_IRQHandler                    0x080001b7   Thumb Code     0  startup_stm32f40_41xxx.o(.text)
    TIM1_BRK_TIM9_IRQHandler                 0x080001b7   Thumb Code     0  startup_stm32f40_41xxx.o(.text)
    TIM1_CC_IRQHandler                       0x080001b7   Thumb Code     0  startup_stm32f40_41xxx.o(.text)
    TIM1_TRG_COM_TIM11_IRQHandler            0x080001b7   Thumb Code     0  startup_stm32f40_41xxx.o(.text)
    TIM1_UP_TIM10_IRQHandler                 0x080001b7   Thumb Code     0  startup_stm32f40_41xxx.o(.text)
    TIM3_IRQHandler                          0x080001b7   Thumb Code     0  startup_stm32f40_41xxx.o(.text)
    TIM4_IRQHandler                          0x080001b7   Thumb Code     0  startup_stm32f40_41xxx.o(.text)
    TIM5_IRQHandler                          0x080001b7   Thumb Code     0  startup_stm32f40_41xxx.o(.text)
    TIM6_DAC_IRQHandler                      0x080001b7   Thumb Code     0  startup_stm32f40_41xxx.o(.text)
    TIM8_BRK_TIM12_IRQHandler                0x080001b7   Thumb Code     0  startup_stm32f40_41xxx.o(.text)
    TIM8_CC_IRQHandler                       0x080001b7   Thumb Code     0  startup_stm32f40_41xxx.o(.text)
    TIM8_TRG_COM_TIM14_IRQHandler            0x080001b7   Thumb Code     0  startup_stm32f40_41xxx.o(.text)
    TIM8_UP_TIM13_IRQHandler                 0x080001b7   Thumb Code     0  startup_stm32f40_41xxx.o(.text)
    UART4_IRQHandler                         0x080001b7   Thumb Code     0  startup_stm32f40_41xxx.o(.text)
    UART5_IRQHandler                         0x080001b7   Thumb Code     0  startup_stm32f40_41xxx.o(.text)
    USART2_IRQHandler                        0x080001b7   Thumb Code     0  startup_stm32f40_41xxx.o(.text)
    USART6_IRQHandler                        0x080001b7   Thumb Code     0  startup_stm32f40_41xxx.o(.text)
    WWDG_IRQHandler                          0x080001b7   Thumb Code     0  startup_stm32f40_41xxx.o(.text)
    __aeabi_memcpy                           0x080001c1   Thumb Code    36  memcpya.o(.text)
    __aeabi_memcpy4                          0x080001c1   Thumb Code     0  memcpya.o(.text)
    __aeabi_memcpy8                          0x080001c1   Thumb Code     0  memcpya.o(.text)
    __aeabi_memset                           0x080001e5   Thumb Code    14  memseta.o(.text)
    __aeabi_memset4                          0x080001e5   Thumb Code     0  memseta.o(.text)
    __aeabi_memset8                          0x080001e5   Thumb Code     0  memseta.o(.text)
    __aeabi_memclr                           0x080001f3   Thumb Code     4  memseta.o(.text)
    __aeabi_memclr4                          0x080001f3   Thumb Code     0  memseta.o(.text)
    __aeabi_memclr8                          0x080001f3   Thumb Code     0  memseta.o(.text)
    _memset$wrapper                          0x080001f7   Thumb Code    18  memseta.o(.text)
    strlen                                   0x08000209   Thumb Code    14  strlen.o(.text)
    memcmp                                   0x08000217   Thumb Code    26  memcmp.o(.text)
    strcpy                                   0x08000231   Thumb Code    18  strcpy.o(.text)
    __aeabi_uldivmod                         0x08000243   Thumb Code    98  uldiv.o(.text)
    __scatterload                            0x080002a5   Thumb Code    28  init.o(.text)
    __scatterload_rt2                        0x080002a5   Thumb Code     0  init.o(.text)
    __aeabi_llsl                             0x080002c9   Thumb Code    30  llshl.o(.text)
    _ll_shift_l                              0x080002c9   Thumb Code     0  llshl.o(.text)
    __aeabi_llsr                             0x080002e7   Thumb Code    32  llushr.o(.text)
    _ll_ushift_r                             0x080002e7   Thumb Code     0  llushr.o(.text)
    BusFault_Handler                         0x0800039f   Thumb Code     4  stm32f4xx_it.o(i.BusFault_Handler)
    DMA1_Stream3_IRQHandler                  0x08000421   Thumb Code    42  bsp_usart.o(i.DMA1_Stream3_IRQHandler)
    DMA2_Stream7_IRQHandler                  0x08000459   Thumb Code    42  bsp_usart.o(i.DMA2_Stream7_IRQHandler)
    DMA_ClearITPendingBit                    0x08000491   Thumb Code    38  stm32f4xx_dma.o(i.DMA_ClearITPendingBit)
    DMA_Cmd                                  0x080004c5   Thumb Code    22  stm32f4xx_dma.o(i.DMA_Cmd)
    DMA_GetITStatus                          0x080004dd   Thumb Code    82  stm32f4xx_dma.o(i.DMA_GetITStatus)
    DebugMon_Handler                         0x08000541   Thumb Code     2  stm32f4xx_it.o(i.DebugMon_Handler)
    DemoMP3                                  0x08000545   Thumb Code    34  demo_mp3_player.o(i.DemoMP3)
    GPIO_Init                                0x08000769   Thumb Code   144  stm32f4xx_gpio.o(i.GPIO_Init)
    GPIO_PinAFConfig                         0x080007f9   Thumb Code    70  stm32f4xx_gpio.o(i.GPIO_PinAFConfig)
    HCD_GetCurrentFrame                      0x08000861   Thumb Code    10  usb_hcd.o(i.HCD_GetCurrentFrame)
    HCD_GetCurrentSpeed                      0x0800086b   Thumb Code    20  usb_hcd.o(i.HCD_GetCurrentSpeed)
    HCD_GetURB_State                         0x0800087f   Thumb Code    10  usb_hcd.o(i.HCD_GetURB_State)
    HCD_GetXferCnt                           0x08000889   Thumb Code    12  usb_hcd.o(i.HCD_GetXferCnt)
    HCD_Init                                 0x08000895   Thumb Code    96  usb_hcd.o(i.HCD_Init)
    HCD_IsDeviceConnected                    0x080008f5   Thumb Code     8  usb_hcd.o(i.HCD_IsDeviceConnected)
    HCD_ResetPort                            0x080008fd   Thumb Code    14  usb_hcd.o(i.HCD_ResetPort)
    HCD_SubmitRequest                        0x0800090b   Thumb Code    32  usb_hcd.o(i.HCD_SubmitRequest)
    HardFault_Handler                        0x0800092d   Thumb Code    38  stm32f4xx_it.o(i.HardFault_Handler)
    LoadUserPatch                            0x08000b11   Thumb Code   118  bsp_vs1053b.o(i.LoadUserPatch)
    MemManage_Handler                        0x08000c75   Thumb Code     4  stm32f4xx_it.o(i.MemManage_Handler)
    NMI_Handler                              0x08000cc9   Thumb Code     2  stm32f4xx_it.o(i.NMI_Handler)
    NVIC_Init                                0x08000ccd   Thumb Code   106  misc.o(i.NVIC_Init)
    NVIC_PriorityGroupConfig                 0x08000d45   Thumb Code    10  misc.o(i.NVIC_PriorityGroupConfig)
    NVIC_SetVectorTable                      0x08000d59   Thumb Code    12  misc.o(i.NVIC_SetVectorTable)
    OTG_HS_IRQHandler                        0x08000d6d   Thumb Code    10  usbh_it.o(i.OTG_HS_IRQHandler)
    PendSV_Handler                           0x08000d7d   Thumb Code     2  stm32f4xx_it.o(i.PendSV_Handler)
    RCC_AHB1PeriphClockCmd                   0x08000d81   Thumb Code    26  stm32f4xx_rcc.o(i.RCC_AHB1PeriphClockCmd)
    RCC_AHB2PeriphClockCmd                   0x08000da1   Thumb Code    26  stm32f4xx_rcc.o(i.RCC_AHB2PeriphClockCmd)
    RCC_APB1PeriphClockCmd                   0x08000dc1   Thumb Code    26  stm32f4xx_rcc.o(i.RCC_APB1PeriphClockCmd)
    RCC_APB2PeriphClockCmd                   0x08000de1   Thumb Code    26  stm32f4xx_rcc.o(i.RCC_APB2PeriphClockCmd)
    RCC_GetClocksFreq                        0x08000e01   Thumb Code   214  stm32f4xx_rcc.o(i.RCC_GetClocksFreq)
    RNG_Cmd                                  0x08000ee9   Thumb Code    30  stm32f4xx_rng.o(i.RNG_Cmd)
    RNG_GetFlagStatus                        0x08000f0d   Thumb Code    20  stm32f4xx_rng.o(i.RNG_GetFlagStatus)
    RNG_GetRandomNumber                      0x08000f25   Thumb Code     6  stm32f4xx_rng.o(i.RNG_GetRandomNumber)
    SPI_Cmd                                  0x08000f31   Thumb Code    24  stm32f4xx_spi.o(i.SPI_Cmd)
    SPI_I2S_GetFlagStatus                    0x08000f49   Thumb Code    18  stm32f4xx_spi.o(i.SPI_I2S_GetFlagStatus)
    SPI_I2S_ReceiveData                      0x08000f5b   Thumb Code     6  stm32f4xx_spi.o(i.SPI_I2S_ReceiveData)
    SPI_I2S_SendData                         0x08000f61   Thumb Code     4  stm32f4xx_spi.o(i.SPI_I2S_SendData)
    SPI_Init                                 0x08000f65   Thumb Code    60  stm32f4xx_spi.o(i.SPI_Init)
    SVC_Handler                              0x08000fa1   Thumb Code     2  stm32f4xx_it.o(i.SVC_Handler)
    SysTick_Handler                          0x08001091   Thumb Code     8  bsp_timer.o(i.SysTick_Handler)
    SysTick_ISR                              0x08001099   Thumb Code   110  bsp_timer.o(i.SysTick_ISR)
    SystemInit                               0x0800111d   Thumb Code    88  system_stm32f4xx.o(i.SystemInit)
    TIM2_IRQHandler                          0x08001185   Thumb Code     8  usbh_it.o(i.TIM2_IRQHandler)
    TIM7_IRQHandler                          0x0800118d   Thumb Code    74  bsp_usart.o(i.TIM7_IRQHandler)
    TIM_ARRPreloadConfig                     0x080011e5   Thumb Code    24  stm32f4xx_tim.o(i.TIM_ARRPreloadConfig)
    TIM_ClearITPendingBit                    0x080011fd   Thumb Code     6  stm32f4xx_tim.o(i.TIM_ClearITPendingBit)
    TIM_Cmd                                  0x08001203   Thumb Code    24  stm32f4xx_tim.o(i.TIM_Cmd)
    TIM_GetITStatus                          0x0800121b   Thumb Code    34  stm32f4xx_tim.o(i.TIM_GetITStatus)
    TIM_ITConfig                             0x0800123d   Thumb Code    18  stm32f4xx_tim.o(i.TIM_ITConfig)
    TIM_TimeBaseInit                         0x08001251   Thumb Code   104  stm32f4xx_tim.o(i.TIM_TimeBaseInit)
    USART1_IRQHandler                        0x080012d5   Thumb Code    88  bsp_usart.o(i.USART1_IRQHandler)
    USART3_IRQHandler                        0x08001335   Thumb Code    88  bsp_usart.o(i.USART3_IRQHandler)
    USART_ClearFlag                          0x08001395   Thumb Code    18  stm32f4xx_usart.o(i.USART_ClearFlag)
    USART_Cmd                                0x080013a7   Thumb Code    24  stm32f4xx_usart.o(i.USART_Cmd)
    USART_DMACmd                             0x080013bf   Thumb Code    18  stm32f4xx_usart.o(i.USART_DMACmd)
    USART_GetFlagStatus                      0x080013d1   Thumb Code    26  stm32f4xx_usart.o(i.USART_GetFlagStatus)
    USART_GetITStatus                        0x080013eb   Thumb Code    84  stm32f4xx_usart.o(i.USART_GetITStatus)
    USART_ITConfig                           0x0800143f   Thumb Code    74  stm32f4xx_usart.o(i.USART_ITConfig)
    USART_Init                               0x08001489   Thumb Code   204  stm32f4xx_usart.o(i.USART_Init)
    USART_ReceiveData                        0x0800155d   Thumb Code    10  stm32f4xx_usart.o(i.USART_ReceiveData)
    USART_SendData                           0x08001567   Thumb Code     8  stm32f4xx_usart.o(i.USART_SendData)
    USBH_Alloc_Channel                       0x0800156f   Thumb Code    38  usbh_hcs.o(i.USBH_Alloc_Channel)
    USBH_BulkReceiveData                     0x08001595   Thumb Code    96  usbh_ioreq.o(i.USBH_BulkReceiveData)
    USBH_BulkSendData                        0x080015f5   Thumb Code    94  usbh_ioreq.o(i.USBH_BulkSendData)
    USBH_ClrFeature                          0x08001653   Thumb Code    76  usbh_stdreq.o(i.USBH_ClrFeature)
    USBH_Connected                           0x0800169f   Thumb Code    12  usbh_core.o(i.USBH_Connected)
    USBH_CtlReceiveData                      0x080016ab   Thumb Code    70  usbh_ioreq.o(i.USBH_CtlReceiveData)
    USBH_CtlReq                              0x080016f1   Thumb Code   100  usbh_ioreq.o(i.USBH_CtlReq)
    USBH_CtlSendData                         0x08001755   Thumb Code   110  usbh_ioreq.o(i.USBH_CtlSendData)
    USBH_CtlSendSetup                        0x080017c3   Thumb Code    66  usbh_ioreq.o(i.USBH_CtlSendSetup)
    USBH_DeAllocate_AllChannel               0x08001805   Thumb Code    28  usbh_hcs.o(i.USBH_DeAllocate_AllChannel)
    USBH_DeInit                              0x08001821   Thumb Code    58  usbh_core.o(i.USBH_DeInit)
    USBH_Disconnected                        0x0800185b   Thumb Code    12  usbh_core.o(i.USBH_Disconnected)
    USBH_ErrorHandle                         0x08001867   Thumb Code    46  usbh_core.o(i.USBH_ErrorHandle)
    USBH_Free_Channel                        0x08001895   Thumb Code    30  usbh_hcs.o(i.USBH_Free_Channel)
    USBH_GetDescriptor                       0x080018b3   Thumb Code    68  usbh_stdreq.o(i.USBH_GetDescriptor)
    USBH_GetNextDesc                         0x0800191f   Thumb Code    18  usbh_stdreq.o(i.USBH_GetNextDesc)
    USBH_Get_CfgDesc                         0x08001931   Thumb Code    88  usbh_stdreq.o(i.USBH_Get_CfgDesc)
    USBH_Get_DevDesc                         0x0800198d   Thumb Code    56  usbh_stdreq.o(i.USBH_Get_DevDesc)
    USBH_Get_StringDesc                      0x080019c5   Thumb Code    60  usbh_stdreq.o(i.USBH_Get_StringDesc)
    USBH_HandleControl                       0x08001a01   Thumb Code   544  usbh_core.o(i.USBH_HandleControl)
    USBH_Init                                0x08001e01   Thumb Code    68  usbh_core.o(i.USBH_Init)
    USBH_MSC_BOT_Abort                       0x08001e69   Thumb Code    86  usbh_msc_bot.o(i.USBH_MSC_BOT_Abort)
    USBH_MSC_DecodeCSW                       0x08001edd   Thumb Code   108  usbh_msc_bot.o(i.USBH_MSC_DecodeCSW)
    USBH_MSC_ErrorHandle                     0x08001f5d   Thumb Code    58  usbh_msc_core.o(i.USBH_MSC_ErrorHandle)
    USBH_MSC_HandleBOTXfer                   0x08002175   Thumb Code   812  usbh_msc_bot.o(i.USBH_MSC_HandleBOTXfer)
    USBH_MSC_Init                            0x080024c5   Thumb Code    44  usbh_msc_bot.o(i.USBH_MSC_Init)
    USBH_MSC_ModeSense6                      0x08002625   Thumb Code   192  usbh_msc_scsi.o(i.USBH_MSC_ModeSense6)
    USBH_MSC_Read10                          0x080026f5   Thumb Code   242  usbh_msc_scsi.o(i.USBH_MSC_Read10)
    USBH_MSC_ReadCapacity10                  0x080027f5   Thumb Code   202  usbh_msc_scsi.o(i.USBH_MSC_ReadCapacity10)
    USBH_MSC_RequestSense                    0x080028d1   Thumb Code   208  usbh_msc_scsi.o(i.USBH_MSC_RequestSense)
    USBH_MSC_TestUnitReady                   0x080029b1   Thumb Code   162  usbh_msc_scsi.o(i.USBH_MSC_TestUnitReady)
    USBH_MSC_Write10                         0x08002a61   Thumb Code   218  usbh_msc_scsi.o(i.USBH_MSC_Write10)
    USBH_Modify_Channel                      0x08002b45   Thumb Code   100  usbh_hcs.o(i.USBH_Modify_Channel)
    USBH_OTG_ISR_Handler                     0x08002ba9   Thumb Code   168  usb_hcd_int.o(i.USBH_OTG_ISR_Handler)
    USBH_Open_Channel                        0x08002c51   Thumb Code   154  usbh_hcs.o(i.USBH_Open_Channel)
    USBH_Process                             0x08002edd   Thumb Code   408  usbh_core.o(i.USBH_Process)
    USBH_SOF                                 0x08003075   Thumb Code     6  usbh_core.o(i.USBH_SOF)
    USBH_SetAddress                          0x0800307b   Thumb Code    38  usbh_stdreq.o(i.USBH_SetAddress)
    USBH_SetCfg                              0x080030a1   Thumb Code    38  usbh_stdreq.o(i.USBH_SetCfg)
    USBH_USR_Configuration_DescAvailable     0x080030e1   Thumb Code    42  usbh_usr.o(i.USBH_USR_Configuration_DescAvailable)
    USBH_USR_DeInit                          0x08003115   Thumb Code     8  usbh_usr.o(i.USBH_USR_DeInit)
    USBH_USR_DeviceAddressAssigned           0x08003121   Thumb Code     2  usbh_usr.o(i.USBH_USR_DeviceAddressAssigned)
    USBH_USR_DeviceAttached                  0x08003125   Thumb Code    10  usbh_usr.o(i.USBH_USR_DeviceAttached)
    USBH_USR_DeviceDisconnected              0x08003135   Thumb Code    18  usbh_usr.o(i.USBH_USR_DeviceDisconnected)
    USBH_USR_DeviceNotSupported              0x0800314d   Thumb Code    10  usbh_usr.o(i.USBH_USR_DeviceNotSupported)
    USBH_USR_DeviceSpeedDetected             0x08003175   Thumb Code    46  usbh_usr.o(i.USBH_USR_DeviceSpeedDetected)
    USBH_USR_Device_DescAvailable            0x080031b5   Thumb Code    24  usbh_usr.o(i.USBH_USR_Device_DescAvailable)
    USBH_USR_EnumerationDone                 0x080031ed   Thumb Code    10  usbh_usr.o(i.USBH_USR_EnumerationDone)
    USBH_USR_Init                            0x080031fd   Thumb Code    34  usbh_usr.o(i.USBH_USR_Init)
    USBH_USR_MSC_Application                 0x0800327d   Thumb Code    44  usbh_usr.o(i.USBH_USR_MSC_Application)
    USBH_USR_Manufacturer_String             0x080032ad   Thumb Code    14  usbh_usr.o(i.USBH_USR_Manufacturer_String)
    USBH_USR_OverCurrentDetected             0x080032d5   Thumb Code    10  usbh_usr.o(i.USBH_USR_OverCurrentDetected)
    USBH_USR_Product_String                  0x080032fd   Thumb Code    14  usbh_usr.o(i.USBH_USR_Product_String)
    USBH_USR_ResetDevice                     0x08003321   Thumb Code    10  usbh_usr.o(i.USBH_USR_ResetDevice)
    USBH_USR_SerialNum_String                0x08003349   Thumb Code    14  usbh_usr.o(i.USBH_USR_SerialNum_String)
    USBH_USR_UnrecoveredError                0x08003371   Thumb Code    10  usbh_usr.o(i.USBH_USR_UnrecoveredError)
    USBH_USR_UserInput                       0x08003381   Thumb Code     4  usbh_usr.o(i.USBH_USR_UserInput)
    USB_OTG_BSP_ConfigVBUS                   0x08003385   Thumb Code     2  usb_bsp.o(i.USB_OTG_BSP_ConfigVBUS)
    USB_OTG_BSP_DriveVBUS                    0x08003387   Thumb Code     2  usb_bsp.o(i.USB_OTG_BSP_DriveVBUS)
    USB_OTG_BSP_EnableInterrupt              0x08003389   Thumb Code    44  usb_bsp.o(i.USB_OTG_BSP_EnableInterrupt)
    USB_OTG_BSP_Init                         0x080033b5   Thumb Code    72  usb_bsp.o(i.USB_OTG_BSP_Init)
    USB_OTG_BSP_TimerIRQ                     0x08003439   Thumb Code    50  usb_bsp.o(i.USB_OTG_BSP_TimerIRQ)
    USB_OTG_BSP_mDelay                       0x08003471   Thumb Code    14  usb_bsp.o(i.USB_OTG_BSP_mDelay)
    USB_OTG_BSP_uDelay                       0x0800347f   Thumb Code    14  usb_bsp.o(i.USB_OTG_BSP_uDelay)
    USB_OTG_CoreInit                         0x0800348d   Thumb Code   306  usb_core.o(i.USB_OTG_CoreInit)
    USB_OTG_CoreInitHost                     0x080035bf   Thumb Code   218  usb_core.o(i.USB_OTG_CoreInitHost)
    USB_OTG_DisableGlobalInt                 0x08003709   Thumb Code    34  usb_core.o(i.USB_OTG_DisableGlobalInt)
    USB_OTG_DriveVbus                        0x0800372b   Thumb Code    92  usb_core.o(i.USB_OTG_DriveVbus)
    USB_OTG_EnableGlobalInt                  0x080037bb   Thumb Code    34  usb_core.o(i.USB_OTG_EnableGlobalInt)
    USB_OTG_EnableHostInt                    0x080037dd   Thumb Code   116  usb_core.o(i.USB_OTG_EnableHostInt)
    USB_OTG_FlushRxFifo                      0x08003851   Thumb Code    70  usb_core.o(i.USB_OTG_FlushRxFifo)
    USB_OTG_FlushTxFifo                      0x0800389d   Thumb Code    80  usb_core.o(i.USB_OTG_FlushTxFifo)
    USB_OTG_GetMode                          0x080038f1   Thumb Code    12  usb_core.o(i.USB_OTG_GetMode)
    USB_OTG_HC_DoPing                        0x080038fd   Thumb Code    90  usb_core.o(i.USB_OTG_HC_DoPing)
    USB_OTG_HC_Halt                          0x08003957   Thumb Code   130  usb_core.o(i.USB_OTG_HC_Halt)
    USB_OTG_HC_Init                          0x080039d9   Thumb Code   568  usb_core.o(i.USB_OTG_HC_Init)
    USB_OTG_HC_StartXfer                     0x08003c11   Thumb Code   502  usb_core.o(i.USB_OTG_HC_StartXfer)
    USB_OTG_InitFSLSPClkSel                  0x08003e07   Thumb Code    24  usb_core.o(i.USB_OTG_InitFSLSPClkSel)
    USB_OTG_IsEvenFrame                      0x08003e1f   Thumb Code    16  usb_core.o(i.USB_OTG_IsEvenFrame)
    USB_OTG_IsHostMode                       0x08003e2f   Thumb Code    20  usb_core.o(i.USB_OTG_IsHostMode)
    USB_OTG_ReadCoreItr                      0x08003e43   Thumb Code    16  usb_core.o(i.USB_OTG_ReadCoreItr)
    USB_OTG_ReadHPRT0                        0x08003e53   Thumb Code    48  usb_core.o(i.USB_OTG_ReadHPRT0)
    USB_OTG_ReadHostAllChannels_intr         0x08003e83   Thumb Code     8  usb_core.o(i.USB_OTG_ReadHostAllChannels_intr)
    USB_OTG_ReadPacket                       0x08003e8b   Thumb Code    40  usb_core.o(i.USB_OTG_ReadPacket)
    USB_OTG_ResetPort                        0x08003eb3   Thumb Code    64  usb_core.o(i.USB_OTG_ResetPort)
    USB_OTG_SelectCore                       0x08003ef5   Thumb Code   212  usb_core.o(i.USB_OTG_SelectCore)
    USB_OTG_SetCurrentMode                   0x08003fcd   Thumb Code    78  usb_core.o(i.USB_OTG_SetCurrentMode)
    USB_OTG_WritePacket                      0x08004ded   Thumb Code    64  usb_core.o(i.USB_OTG_WritePacket)
    UsageFault_Handler                       0x08004e95   Thumb Code     4  stm32f4xx_it.o(i.UsageFault_Handler)
    __0printf$8                              0x08004e99   Thumb Code    22  printf8.o(i.__0printf$8)
    __1printf$8                              0x08004e99   Thumb Code     0  printf8.o(i.__0printf$8)
    __2printf                                0x08004e99   Thumb Code     0  printf8.o(i.__0printf$8)
    __0sprintf$8                             0x08004eb9   Thumb Code    34  printf8.o(i.__0sprintf$8)
    __1sprintf$8                             0x08004eb9   Thumb Code     0  printf8.o(i.__0sprintf$8)
    __2sprintf                               0x08004eb9   Thumb Code     0  printf8.o(i.__0sprintf$8)
    __scatterload_copy                       0x08004ee1   Thumb Code    14  handlers.o(i.__scatterload_copy)
    __scatterload_null                       0x08004eef   Thumb Code     2  handlers.o(i.__scatterload_null)
    __scatterload_zeroinit                   0x08004ef1   Thumb Code    14  handlers.o(i.__scatterload_zeroinit)
    bsp_CfgSPIForVS1053B                     0x0800538d   Thumb Code    94  bsp_vs1053b.o(i.bsp_CfgSPIForVS1053B)
    bsp_Generate_Random                      0x080053f1   Thumb Code    24  bsp_rng.o(i.bsp_Generate_Random)
    bsp_Idle                                 0x08005409   Thumb Code     2  bsp.o(i.bsp_Idle)
    bsp_Init                                 0x0800540b   Thumb Code    20  bsp.o(i.bsp_Init)
    bsp_InitLed                              0x08005421   Thumb Code   112  bsp_led.o(i.bsp_InitLed)
    bsp_InitTimer                            0x08005509   Thumb Code   136  bsp_timer.o(i.bsp_InitTimer)
    bsp_InitUart                             0x080055a1   Thumb Code    24  bsp_usart.o(i.bsp_InitUart)
    bsp_LedOff                               0x080055b9   Thumb Code    52  bsp_led.o(i.bsp_LedOff)
    bsp_RNG_Config                           0x080055f9   Thumb Code    18  bsp_rng.o(i.bsp_RNG_Config)
    bsp_RunPer10ms                           0x0800560b   Thumb Code     2  bsp.o(i.bsp_RunPer10ms)
    bsp_RunPer1ms                            0x0800560d   Thumb Code     2  bsp.o(i.bsp_RunPer1ms)
    clust2sect                               0x08005b31   Thumb Code    26  ff.o(i.clust2sect)
    disk_initialize                          0x08006445   Thumb Code    30  diskio.o(i.disk_initialize)
    disk_ioctl                               0x0800646d   Thumb Code    86  diskio.o(i.disk_ioctl)
    disk_read                                0x080064cd   Thumb Code    96  diskio.o(i.disk_read)
    disk_status                              0x08006539   Thumb Code    14  diskio.o(i.disk_status)
    disk_write                               0x0800654d   Thumb Code   110  diskio.o(i.disk_write)
    f_close                                  0x080065f1   Thumb Code    32  ff.o(i.f_close)
    f_mount                                  0x08006611   Thumb Code    48  ff.o(i.f_mount)
    f_open                                   0x08006645   Thumb Code   416  ff.o(i.f_open)
    f_opendir                                0x080067e5   Thumb Code   120  ff.o(i.f_opendir)
    f_read                                   0x0800685d   Thumb Code   458  ff.o(i.f_read)
    f_readdir                                0x08006a27   Thumb Code   100  ff.o(i.f_readdir)
    f_sync                                   0x08006a8b   Thumb Code   176  ff.o(i.f_sync)
    ff_convert                               0x08006b3d   Thumb Code   116  cc936.o(i.ff_convert)
    ff_wtoupper                              0x08006bb9   Thumb Code    46  cc936.o(i.ff_wtoupper)
    fputc                                    0x08006d05   Thumb Code    32  bsp_usart.o(i.fputc)
    gen_numname                              0x08006d29   Thumb Code   190  ff.o(i.gen_numname)
    get_fat                                  0x08006de7   Thumb Code   228  ff.o(i.get_fat)
    get_fattime                              0x08006ecd   Thumb Code     4  diskio.o(i.get_fattime)
    main                                     0x0800710d   Thumb Code    14  main.o(i.main)
    put_fat                                  0x08007215   Thumb Code   310  ff.o(i.put_fat)
    ush_usr_action                           0x080074fd   Thumb Code   290  demo_mp3_player.o(i.ush_usr_action)
    ush_usr_fs_init                          0x08007675   Thumb Code    66  demo_mp3_player.o(i.ush_usr_fs_init)
    vs1053_Init                              0x080076f9   Thumb Code   180  bsp_vs1053b.o(i.vs1053_Init)
    vs1053_PreWriteData                      0x080077b9   Thumb Code    14  bsp_vs1053b.o(i.vs1053_PreWriteData)
    vs1053_ReadByte                          0x080077d1   Thumb Code    10  bsp_vs1053b.o(i.vs1053_ReadByte)
    vs1053_ReadChipID                        0x080077db   Thumb Code    16  bsp_vs1053b.o(i.vs1053_ReadChipID)
    vs1053_ReadReg                           0x080077ed   Thumb Code    64  bsp_vs1053b.o(i.vs1053_ReadReg)
    vs1053_ReqNewData                        0x08007835   Thumb Code    18  bsp_vs1053b.o(i.vs1053_ReqNewData)
    vs1053_SetBASS                           0x0800784d   Thumb Code   126  bsp_vs1053b.o(i.vs1053_SetBASS)
    vs1053_SetVolume                         0x080078cb   Thumb Code    36  bsp_vs1053b.o(i.vs1053_SetVolume)
    vs1053_SoftReset                         0x080078ef   Thumb Code    92  bsp_vs1053b.o(i.vs1053_SoftReset)
    vs1053_WaitTimeOut                       0x0800794d   Thumb Code    40  bsp_vs1053b.o(i.vs1053_WaitTimeOut)
    vs1053_WriteByte                         0x0800797d   Thumb Code    50  bsp_vs1053b.o(i.vs1053_WriteByte)
    vs1053_WriteCmd                          0x080079b5   Thumb Code    62  bsp_vs1053b.o(i.vs1053_WriteCmd)
    vs1053_WriteData                         0x080079fd   Thumb Code    30  bsp_vs1053b.o(i.vs1053_WriteData)
    plugin                                   0x08007a24   Data        1210  bsp_vs1053b.o(.constdata)
    MSG_HOST_INIT                            0x08032bb4   Data          29  usbh_usr.o(.constdata)
    MSG_DEV_ATTACHED                         0x08032bd1   Data          21  usbh_usr.o(.constdata)
    MSG_DEV_DISCONNECTED                     0x08032be6   Data          24  usbh_usr.o(.constdata)
    MSG_DEV_ENUMERATED                       0x08032bfe   Data          27  usbh_usr.o(.constdata)
    MSG_DEV_HIGHSPEED                        0x08032c19   Data          31  usbh_usr.o(.constdata)
    MSG_DEV_FULLSPEED                        0x08032c38   Data          31  usbh_usr.o(.constdata)
    MSG_DEV_LOWSPEED                         0x08032c57   Data          30  usbh_usr.o(.constdata)
    MSG_DEV_ERROR                            0x08032c75   Data          18  usbh_usr.o(.constdata)
    MSG_MSC_CLASS                            0x08032c87   Data          34  usbh_usr.o(.constdata)
    MSG_HID_CLASS                            0x08032ca9   Data          25  usbh_usr.o(.constdata)
    MSG_DISK_SIZE                            0x08032cc2   Data          33  usbh_usr.o(.constdata)
    MSG_LUN                                  0x08032ce3   Data          33  usbh_usr.o(.constdata)
    MSG_ROOT_CONT                            0x08032d04   Data          29  usbh_usr.o(.constdata)
    MSG_WR_PROTECT                           0x08032d21   Data          32  usbh_usr.o(.constdata)
    MSG_UNREC_ERROR                          0x08032d41   Data          28  usbh_usr.o(.constdata)
    Region$$Table$$Base                      0x08032d60   Number         0  anon$$obj.o(Region$$Table)
    Region$$Table$$Limit                     0x08032d80   Number         0  anon$$obj.o(Region$$Table)
    ucKeyCode                                0x20000000   Data           1  demo_mp3_player.o(.data)
    ucNextSong                               0x20000001   Data           1  demo_mp3_player.o(.data)
    g_iRunTime                               0x2000000c   Data           4  bsp_timer.o(.data)
    SystemCoreClock                          0x20000024   Data           4  system_stm32f4xx.o(.data)
    AHBPrescTable                            0x20000028   Data          16  system_stm32f4xx.o(.data)
    HSEStartUpStatus                         0x20000048   Data           1  usb_bsp.o(.data)
    BSP_delay                                0x2000004c   Data           4  usb_bsp.o(.data)
    USBH_USR_ApplicationState                0x20000050   Data           1  usbh_usr.o(.data)
    USR_cb                                   0x20000054   Data          72  usbh_usr.o(.data)
    MSC_Setup                                0x200000b4   Data           8  usbh_msc_core.o(.data)
    MSCErrorCount                            0x200000bc   Data           1  usbh_msc_core.o(.data)
    USBH_MSC_cb                              0x200000c0   Data          16  usbh_msc_core.o(.data)
    USBH_HCD_INT_cb                          0x200000d4   Data          12  usbh_core.o(.data)
    USBH_HCD_INT_fops                        0x200000e0   Data           4  usbh_core.o(.data)
    __stdout                                 0x200000ec   Data           4  stdout.o(.data)
    g_tMP3                                   0x200000f0   Data          20  demo_mp3_player.o(.bss)
    g_tPlayList                              0x20000104   Data       82800  demo_mp3_player.o(.bss)
    g_fs                                     0x20014474   Data         564  demo_mp3_player.o(.bss)
    g_Mp3File                                0x200146a8   Data         552  demo_mp3_player.o(.bss)
    g_tUsart1                                0x20014a00   Data          24  bsp_usart.o(.bss)
    g_tUsart3                                0x20015218   Data          24  bsp_usart.o(.bss)
    USB_OTG_Core                             0x20015a54   Data        1452  usbh_usr.o(.bss)
    USB_Host                                 0x20016000   Data         132  usbh_usr.o(.bss)
    USBH_MSC_CBWData                         0x20016084   Data          32  usbh_msc_bot.o(.bss)
    USBH_MSC_CSWData                         0x200160a4   Data          16  usbh_msc_bot.o(.bss)
    USBH_MSC_BOTXferParam                    0x200160b4   Data          16  usbh_msc_bot.o(.bss)
    MSC_Machine                              0x200160c4   Data         522  usbh_msc_core.o(.bss)
    USBH_MSC_Param                           0x200162d0   Data          16  usbh_msc_scsi.o(.bss)
    USBH_DataInBuffer                        0x200162e0   Data         512  usbh_msc_scsi.o(.bss)
    USBH_DataOutBuffer                       0x200164e0   Data         512  usbh_msc_scsi.o(.bss)
    USBH_CfgDesc                             0x200166e0   Data         512  usbh_stdreq.o(.bss)
    __initial_sp                             0x2001a8e0   Data           0  startup_stm32f40_41xxx.o(STACK)



==============================================================================

Memory Map of the image

  Image Entry point : 0x08000189

  Load Region LR_IROM1 (Base: 0x08000000, Size: 0x00032e70, Max: 0x00100000, ABSOLUTE)

    Execution Region ER_IROM1 (Base: 0x08000000, Size: 0x00032d80, Max: 0x00100000, ABSOLUTE)

    Base Addr    Size         Type   Attr      Idx    E Section Name        Object

    0x08000000   0x00000188   Data   RO          832    RESET               startup_stm32f40_41xxx.o
    0x08000188   0x00000000   Code   RO         4079  * .ARM.Collect$$$$00000000  mc_w.l(entry.o)
    0x08000188   0x00000004   Code   RO         4355    .ARM.Collect$$$$00000001  mc_w.l(entry2.o)
    0x0800018c   0x00000004   Code   RO         4358    .ARM.Collect$$$$00000004  mc_w.l(entry5.o)
    0x08000190   0x00000000   Code   RO         4360    .ARM.Collect$$$$00000008  mc_w.l(entry7b.o)
    0x08000190   0x00000000   Code   RO         4362    .ARM.Collect$$$$0000000A  mc_w.l(entry8b.o)
    0x08000190   0x00000008   Code   RO         4363    .ARM.Collect$$$$0000000B  mc_w.l(entry9a.o)
    0x08000198   0x00000000   Code   RO         4365    .ARM.Collect$$$$0000000D  mc_w.l(entry10a.o)
    0x08000198   0x00000000   Code   RO         4367    .ARM.Collect$$$$0000000F  mc_w.l(entry11a.o)
    0x08000198   0x00000004   Code   RO         4356    .ARM.Collect$$$$00002712  mc_w.l(entry2.o)
    0x0800019c   0x00000024   Code   RO          833    .text               startup_stm32f40_41xxx.o
    0x080001c0   0x00000024   Code   RO         4082    .text               mc_w.l(memcpya.o)
    0x080001e4   0x00000024   Code   RO         4084    .text               mc_w.l(memseta.o)
    0x08000208   0x0000000e   Code   RO         4086    .text               mc_w.l(strlen.o)
    0x08000216   0x0000001a   Code   RO         4088    .text               mc_w.l(memcmp.o)
    0x08000230   0x00000012   Code   RO         4090    .text               mc_w.l(strcpy.o)
    0x08000242   0x00000062   Code   RO         4372    .text               mc_w.l(uldiv.o)
    0x080002a4   0x00000024   Code   RO         4385    .text               mc_w.l(init.o)
    0x080002c8   0x0000001e   Code   RO         4387    .text               mc_w.l(llshl.o)
    0x080002e6   0x00000020   Code   RO         4389    .text               mc_w.l(llushr.o)
    0x08000306   0x00000002   PAD
    0x08000308   0x0000002c   Code   RO         3050    i.BSP_Delay         usb_bsp.o
    0x08000334   0x0000006a   Code   RO         3051    i.BSP_SetTime       usb_bsp.o
    0x0800039e   0x00000004   Code   RO          416    i.BusFault_Handler  stm32f4xx_it.o
    0x080003a2   0x0000007c   Code   RO          659    i.ConfigUartNVIC    bsp_usart.o
    0x0800041e   0x00000002   PAD
    0x08000420   0x00000038   Code   RO          660    i.DMA1_Stream3_IRQHandler  bsp_usart.o
    0x08000458   0x00000038   Code   RO          661    i.DMA2_Stream7_IRQHandler  bsp_usart.o
    0x08000490   0x00000034   Code   RO         2408    i.DMA_ClearITPendingBit  stm32f4xx_dma.o
    0x080004c4   0x00000016   Code   RO         2409    i.DMA_Cmd           stm32f4xx_dma.o
    0x080004da   0x00000002   PAD
    0x080004dc   0x00000064   Code   RO         2419    i.DMA_GetITStatus   stm32f4xx_dma.o
    0x08000540   0x00000002   Code   RO          417    i.DebugMon_Handler  stm32f4xx_it.o
    0x08000542   0x00000002   PAD
    0x08000544   0x00000034   Code   RO          170    i.DemoMP3           demo_mp3_player.o
    0x08000578   0x000001f0   Code   RO          171    i.FillSongList      demo_mp3_player.o
    0x08000768   0x00000090   Code   RO         1268    i.GPIO_Init         stm32f4xx_gpio.o
    0x080007f8   0x00000046   Code   RO         1269    i.GPIO_PinAFConfig  stm32f4xx_gpio.o
    0x0800083e   0x00000002   PAD
    0x08000840   0x00000020   Code   RO          172    i.Generate_Index    demo_mp3_player.o
    0x08000860   0x0000000a   Code   RO         3477    i.HCD_GetCurrentFrame  usb_hcd.o
    0x0800086a   0x00000014   Code   RO         3478    i.HCD_GetCurrentSpeed  usb_hcd.o
    0x0800087e   0x0000000a   Code   RO         3480    i.HCD_GetURB_State  usb_hcd.o
    0x08000888   0x0000000c   Code   RO         3481    i.HCD_GetXferCnt    usb_hcd.o
    0x08000894   0x00000060   Code   RO         3483    i.HCD_Init          usb_hcd.o
    0x080008f4   0x00000008   Code   RO         3484    i.HCD_IsDeviceConnected  usb_hcd.o
    0x080008fc   0x0000000e   Code   RO         3485    i.HCD_ResetPort     usb_hcd.o
    0x0800090a   0x00000020   Code   RO         3486    i.HCD_SubmitRequest  usb_hcd.o
    0x0800092a   0x00000002   PAD
    0x0800092c   0x00000058   Code   RO          418    i.HardFault_Handler  stm32f4xx_it.o
    0x08000984   0x0000018c   Code   RO          662    i.InitHardUart      bsp_usart.o
    0x08000b10   0x0000007c   Code   RO          533    i.LoadUserPatch     bsp_vs1053b.o
    0x08000b8c   0x000000e8   Code   RO          173    i.MP3HardInit       demo_mp3_player.o
    0x08000c74   0x00000004   Code   RO          419    i.MemManage_Handler  stm32f4xx_it.o
    0x08000c78   0x00000050   Code   RO          174    i.Mp3Pro            demo_mp3_player.o
    0x08000cc8   0x00000002   Code   RO          420    i.NMI_Handler       stm32f4xx_it.o
    0x08000cca   0x00000002   PAD
    0x08000ccc   0x00000078   Code   RO         1223    i.NVIC_Init         misc.o
    0x08000d44   0x00000014   Code   RO         1224    i.NVIC_PriorityGroupConfig  misc.o
    0x08000d58   0x00000014   Code   RO         1225    i.NVIC_SetVectorTable  misc.o
    0x08000d6c   0x00000010   Code   RO         3124    i.OTG_HS_IRQHandler  usbh_it.o
    0x08000d7c   0x00000002   Code   RO          421    i.PendSV_Handler    stm32f4xx_it.o
    0x08000d7e   0x00000002   PAD
    0x08000d80   0x00000020   Code   RO          839    i.RCC_AHB1PeriphClockCmd  stm32f4xx_rcc.o
    0x08000da0   0x00000020   Code   RO          842    i.RCC_AHB2PeriphClockCmd  stm32f4xx_rcc.o
    0x08000dc0   0x00000020   Code   RO          848    i.RCC_APB1PeriphClockCmd  stm32f4xx_rcc.o
    0x08000de0   0x00000020   Code   RO          851    i.RCC_APB2PeriphClockCmd  stm32f4xx_rcc.o
    0x08000e00   0x000000e8   Code   RO          860    i.RCC_GetClocksFreq  stm32f4xx_rcc.o
    0x08000ee8   0x00000024   Code   RO         2537    i.RNG_Cmd           stm32f4xx_rng.o
    0x08000f0c   0x00000018   Code   RO         2539    i.RNG_GetFlagStatus  stm32f4xx_rng.o
    0x08000f24   0x0000000c   Code   RO         2541    i.RNG_GetRandomNumber  stm32f4xx_rng.o
    0x08000f30   0x00000018   Code   RO         1559    i.SPI_Cmd           stm32f4xx_spi.o
    0x08000f48   0x00000012   Code   RO         1567    i.SPI_I2S_GetFlagStatus  stm32f4xx_spi.o
    0x08000f5a   0x00000006   Code   RO         1570    i.SPI_I2S_ReceiveData  stm32f4xx_spi.o
    0x08000f60   0x00000004   Code   RO         1571    i.SPI_I2S_SendData  stm32f4xx_spi.o
    0x08000f64   0x0000003c   Code   RO         1572    i.SPI_Init          stm32f4xx_spi.o
    0x08000fa0   0x00000002   Code   RO          422    i.SVC_Handler       stm32f4xx_it.o
    0x08000fa2   0x00000002   PAD
    0x08000fa4   0x000000ec   Code   RO         2597    i.SetSysClock       system_stm32f4xx.o
    0x08001090   0x00000008   Code   RO          305    i.SysTick_Handler   bsp_timer.o
    0x08001098   0x00000084   Code   RO          306    i.SysTick_ISR       bsp_timer.o
    0x0800111c   0x00000068   Code   RO         2599    i.SystemInit        system_stm32f4xx.o
    0x08001184   0x00000008   Code   RO         3125    i.TIM2_IRQHandler   usbh_it.o
    0x0800118c   0x00000058   Code   RO          663    i.TIM7_IRQHandler   bsp_usart.o
    0x080011e4   0x00000018   Code   RO         1849    i.TIM_ARRPreloadConfig  stm32f4xx_tim.o
    0x080011fc   0x00000006   Code   RO         1856    i.TIM_ClearITPendingBit  stm32f4xx_tim.o
    0x08001202   0x00000018   Code   RO         1861    i.TIM_Cmd           stm32f4xx_tim.o
    0x0800121a   0x00000022   Code   RO         1882    i.TIM_GetITStatus   stm32f4xx_tim.o
    0x0800123c   0x00000012   Code   RO         1886    i.TIM_ITConfig      stm32f4xx_tim.o
    0x0800124e   0x00000002   PAD
    0x08001250   0x00000084   Code   RO         1933    i.TIM_TimeBaseInit  stm32f4xx_tim.o
    0x080012d4   0x00000060   Code   RO          664    i.USART1_IRQHandler  bsp_usart.o
    0x08001334   0x00000060   Code   RO          665    i.USART3_IRQHandler  bsp_usart.o
    0x08001394   0x00000012   Code   RO         1365    i.USART_ClearFlag   stm32f4xx_usart.o
    0x080013a6   0x00000018   Code   RO         1369    i.USART_Cmd         stm32f4xx_usart.o
    0x080013be   0x00000012   Code   RO         1370    i.USART_DMACmd      stm32f4xx_usart.o
    0x080013d0   0x0000001a   Code   RO         1372    i.USART_GetFlagStatus  stm32f4xx_usart.o
    0x080013ea   0x00000054   Code   RO         1373    i.USART_GetITStatus  stm32f4xx_usart.o
    0x0800143e   0x0000004a   Code   RO         1375    i.USART_ITConfig    stm32f4xx_usart.o
    0x08001488   0x000000d4   Code   RO         1376    i.USART_Init        stm32f4xx_usart.o
    0x0800155c   0x0000000a   Code   RO         1383    i.USART_ReceiveData  stm32f4xx_usart.o
    0x08001566   0x00000008   Code   RO         1386    i.USART_SendData    stm32f4xx_usart.o
    0x0800156e   0x00000026   Code   RO         3853    i.USBH_Alloc_Channel  usbh_hcs.o
    0x08001594   0x00000060   Code   RO         3902    i.USBH_BulkReceiveData  usbh_ioreq.o
    0x080015f4   0x0000005e   Code   RO         3903    i.USBH_BulkSendData  usbh_ioreq.o
    0x08001652   0x0000004c   Code   RO         3981    i.USBH_ClrFeature   usbh_stdreq.o
    0x0800169e   0x0000000c   Code   RO         3780    i.USBH_Connected    usbh_core.o
    0x080016aa   0x00000046   Code   RO         3904    i.USBH_CtlReceiveData  usbh_ioreq.o
    0x080016f0   0x00000064   Code   RO         3905    i.USBH_CtlReq       usbh_ioreq.o
    0x08001754   0x0000006e   Code   RO         3906    i.USBH_CtlSendData  usbh_ioreq.o
    0x080017c2   0x00000042   Code   RO         3907    i.USBH_CtlSendSetup  usbh_ioreq.o
    0x08001804   0x0000001c   Code   RO         3854    i.USBH_DeAllocate_AllChannel  usbh_hcs.o
    0x08001820   0x0000003a   Code   RO         3781    i.USBH_DeInit       usbh_core.o
    0x0800185a   0x0000000c   Code   RO         3782    i.USBH_Disconnected  usbh_core.o
    0x08001866   0x0000002e   Code   RO         3783    i.USBH_ErrorHandle  usbh_core.o
    0x08001894   0x0000001e   Code   RO         3855    i.USBH_Free_Channel  usbh_hcs.o
    0x080018b2   0x00000044   Code   RO         3982    i.USBH_GetDescriptor  usbh_stdreq.o
    0x080018f6   0x00000028   Code   RO         3856    i.USBH_GetFreeChannel  usbh_hcs.o
    0x0800191e   0x00000012   Code   RO         3983    i.USBH_GetNextDesc  usbh_stdreq.o
    0x08001930   0x0000005c   Code   RO         3984    i.USBH_Get_CfgDesc  usbh_stdreq.o
    0x0800198c   0x00000038   Code   RO         3985    i.USBH_Get_DevDesc  usbh_stdreq.o
    0x080019c4   0x0000003c   Code   RO         3986    i.USBH_Get_StringDesc  usbh_stdreq.o
    0x08001a00   0x00000224   Code   RO         3784    i.USBH_HandleControl  usbh_core.o
    0x08001c24   0x000001dc   Code   RO         3785    i.USBH_HandleEnum   usbh_core.o
    0x08001e00   0x00000044   Code   RO         3786    i.USBH_Init         usbh_core.o
    0x08001e44   0x00000024   Code   RO         3666    i.USBH_MSC_BOTReset  usbh_msc_core.o
    0x08001e68   0x00000060   Code   RO         3621    i.USBH_MSC_BOT_Abort  usbh_msc_bot.o
    0x08001ec8   0x00000014   Code   RO         3667    i.USBH_MSC_ClassRequest  usbh_msc_core.o
    0x08001edc   0x00000080   Code   RO         3622    i.USBH_MSC_DecodeCSW  usbh_msc_bot.o
    0x08001f5c   0x00000044   Code   RO         3668    i.USBH_MSC_ErrorHandle  usbh_msc_core.o
    0x08001fa0   0x0000002c   Code   RO         3669    i.USBH_MSC_GETMaxLUN  usbh_msc_core.o
    0x08001fcc   0x000001a8   Code   RO         3670    i.USBH_MSC_Handle   usbh_msc_core.o
    0x08002174   0x00000350   Code   RO         3623    i.USBH_MSC_HandleBOTXfer  usbh_msc_bot.o
    0x080024c4   0x00000044   Code   RO         3624    i.USBH_MSC_Init     usbh_msc_bot.o
    0x08002508   0x0000004c   Code   RO         3671    i.USBH_MSC_InterfaceDeInit  usbh_msc_core.o
    0x08002554   0x000000d0   Code   RO         3672    i.USBH_MSC_InterfaceInit  usbh_msc_core.o
    0x08002624   0x000000d0   Code   RO         3723    i.USBH_MSC_ModeSense6  usbh_msc_scsi.o
    0x080026f4   0x00000100   Code   RO         3724    i.USBH_MSC_Read10   usbh_msc_scsi.o
    0x080027f4   0x000000dc   Code   RO         3725    i.USBH_MSC_ReadCapacity10  usbh_msc_scsi.o
    0x080028d0   0x000000e0   Code   RO         3726    i.USBH_MSC_RequestSense  usbh_msc_scsi.o
    0x080029b0   0x000000b0   Code   RO         3727    i.USBH_MSC_TestUnitReady  usbh_msc_scsi.o
    0x08002a60   0x000000e4   Code   RO         3728    i.USBH_MSC_Write10  usbh_msc_scsi.o
    0x08002b44   0x00000064   Code   RO         3857    i.USBH_Modify_Channel  usbh_hcs.o
    0x08002ba8   0x000000a8   Code   RO         3551    i.USBH_OTG_ISR_Handler  usb_hcd_int.o
    0x08002c50   0x0000009a   Code   RO         3858    i.USBH_Open_Channel  usbh_hcs.o
    0x08002cea   0x00000002   PAD
    0x08002cec   0x0000011c   Code   RO         3987    i.USBH_ParseCfgDesc  usbh_stdreq.o
    0x08002e08   0x00000058   Code   RO         3988    i.USBH_ParseDevDesc  usbh_stdreq.o
    0x08002e60   0x00000020   Code   RO         3989    i.USBH_ParseEPDesc  usbh_stdreq.o
    0x08002e80   0x00000026   Code   RO         3990    i.USBH_ParseInterfaceDesc  usbh_stdreq.o
    0x08002ea6   0x00000036   Code   RO         3991    i.USBH_ParseStringDesc  usbh_stdreq.o
    0x08002edc   0x00000198   Code   RO         3787    i.USBH_Process      usbh_core.o
    0x08003074   0x00000006   Code   RO         3788    i.USBH_SOF          usbh_core.o
    0x0800307a   0x00000026   Code   RO         3992    i.USBH_SetAddress   usbh_stdreq.o
    0x080030a0   0x00000026   Code   RO         3993    i.USBH_SetCfg       usbh_stdreq.o
    0x080030c6   0x00000018   Code   RO         3912    i.USBH_SubmitSetupRequest  usbh_ioreq.o
    0x080030de   0x00000002   PAD
    0x080030e0   0x00000034   Code   RO         3151    i.USBH_USR_Configuration_DescAvailable  usbh_usr.o
    0x08003114   0x0000000c   Code   RO         3152    i.USBH_USR_DeInit   usbh_usr.o
    0x08003120   0x00000002   Code   RO         3153    i.USBH_USR_DeviceAddressAssigned  usbh_usr.o
    0x08003122   0x00000002   PAD
    0x08003124   0x00000010   Code   RO         3154    i.USBH_USR_DeviceAttached  usbh_usr.o
    0x08003134   0x00000018   Code   RO         3155    i.USBH_USR_DeviceDisconnected  usbh_usr.o
    0x0800314c   0x00000028   Code   RO         3156    i.USBH_USR_DeviceNotSupported  usbh_usr.o
    0x08003174   0x00000040   Code   RO         3157    i.USBH_USR_DeviceSpeedDetected  usbh_usr.o
    0x080031b4   0x00000038   Code   RO         3158    i.USBH_USR_Device_DescAvailable  usbh_usr.o
    0x080031ec   0x00000010   Code   RO         3159    i.USBH_USR_EnumerationDone  usbh_usr.o
    0x080031fc   0x00000080   Code   RO         3160    i.USBH_USR_Init     usbh_usr.o
    0x0800327c   0x00000030   Code   RO         3161    i.USBH_USR_MSC_Application  usbh_usr.o
    0x080032ac   0x00000028   Code   RO         3162    i.USBH_USR_Manufacturer_String  usbh_usr.o
    0x080032d4   0x00000028   Code   RO         3163    i.USBH_USR_OverCurrentDetected  usbh_usr.o
    0x080032fc   0x00000024   Code   RO         3164    i.USBH_USR_Product_String  usbh_usr.o
    0x08003320   0x00000028   Code   RO         3165    i.USBH_USR_ResetDevice  usbh_usr.o
    0x08003348   0x00000028   Code   RO         3166    i.USBH_USR_SerialNum_String  usbh_usr.o
    0x08003370   0x00000010   Code   RO         3167    i.USBH_USR_UnrecoveredError  usbh_usr.o
    0x08003380   0x00000004   Code   RO         3168    i.USBH_USR_UserInput  usbh_usr.o
    0x08003384   0x00000002   Code   RO         3052    i.USB_OTG_BSP_ConfigVBUS  usb_bsp.o
    0x08003386   0x00000002   Code   RO         3053    i.USB_OTG_BSP_DriveVBUS  usb_bsp.o
    0x08003388   0x0000002c   Code   RO         3054    i.USB_OTG_BSP_EnableInterrupt  usb_bsp.o
    0x080033b4   0x0000004c   Code   RO         3055    i.USB_OTG_BSP_Init  usb_bsp.o
    0x08003400   0x00000038   Code   RO         3056    i.USB_OTG_BSP_TimeInit  usb_bsp.o
    0x08003438   0x00000038   Code   RO         3057    i.USB_OTG_BSP_TimerIRQ  usb_bsp.o
    0x08003470   0x0000000e   Code   RO         3058    i.USB_OTG_BSP_mDelay  usb_bsp.o
    0x0800347e   0x0000000e   Code   RO         3059    i.USB_OTG_BSP_uDelay  usb_bsp.o
    0x0800348c   0x00000132   Code   RO         3291    i.USB_OTG_CoreInit  usb_core.o
    0x080035be   0x000000da   Code   RO         3292    i.USB_OTG_CoreInitHost  usb_core.o
    0x08003698   0x00000070   Code   RO         3293    i.USB_OTG_CoreReset  usb_core.o
    0x08003708   0x00000022   Code   RO         3294    i.USB_OTG_DisableGlobalInt  usb_core.o
    0x0800372a   0x0000005c   Code   RO         3295    i.USB_OTG_DriveVbus  usb_core.o
    0x08003786   0x00000034   Code   RO         3296    i.USB_OTG_EnableCommonInt  usb_core.o
    0x080037ba   0x00000022   Code   RO         3297    i.USB_OTG_EnableGlobalInt  usb_core.o
    0x080037dc   0x00000074   Code   RO         3298    i.USB_OTG_EnableHostInt  usb_core.o
    0x08003850   0x0000004c   Code   RO         3299    i.USB_OTG_FlushRxFifo  usb_core.o
    0x0800389c   0x00000054   Code   RO         3300    i.USB_OTG_FlushTxFifo  usb_core.o
    0x080038f0   0x0000000c   Code   RO         3301    i.USB_OTG_GetMode   usb_core.o
    0x080038fc   0x0000005a   Code   RO         3302    i.USB_OTG_HC_DoPing  usb_core.o
    0x08003956   0x00000082   Code   RO         3303    i.USB_OTG_HC_Halt   usb_core.o
    0x080039d8   0x00000238   Code   RO         3304    i.USB_OTG_HC_Init   usb_core.o
    0x08003c10   0x000001f6   Code   RO         3305    i.USB_OTG_HC_StartXfer  usb_core.o
    0x08003e06   0x00000018   Code   RO         3306    i.USB_OTG_InitFSLSPClkSel  usb_core.o
    0x08003e1e   0x00000010   Code   RO         3308    i.USB_OTG_IsEvenFrame  usb_core.o
    0x08003e2e   0x00000014   Code   RO         3309    i.USB_OTG_IsHostMode  usb_core.o
    0x08003e42   0x00000010   Code   RO         3310    i.USB_OTG_ReadCoreItr  usb_core.o
    0x08003e52   0x00000030   Code   RO         3311    i.USB_OTG_ReadHPRT0  usb_core.o
    0x08003e82   0x00000008   Code   RO         3312    i.USB_OTG_ReadHostAllChannels_intr  usb_core.o
    0x08003e8a   0x00000028   Code   RO         3314    i.USB_OTG_ReadPacket  usb_core.o
    0x08003eb2   0x00000040   Code   RO         3315    i.USB_OTG_ResetPort  usb_core.o
    0x08003ef2   0x00000002   PAD
    0x08003ef4   0x000000d8   Code   RO         3316    i.USB_OTG_SelectCore  usb_core.o
    0x08003fcc   0x0000004e   Code   RO         3317    i.USB_OTG_SetCurrentMode  usb_core.o
    0x0800401a   0x00000002   PAD
    0x0800401c   0x0000002c   Code   RO         3552    i.USB_OTG_USBH_handle_Disconnect_ISR  usb_hcd_int.o
    0x08004048   0x00000046   Code   RO         3553    i.USB_OTG_USBH_handle_IncompletePeriodicXfer_ISR  usb_hcd_int.o
    0x0800408e   0x00000056   Code   RO         3554    i.USB_OTG_USBH_handle_hc_ISR  usb_hcd_int.o
    0x080040e4   0x0000042a   Code   RO         3555    i.USB_OTG_USBH_handle_hc_n_In_ISR  usb_hcd_int.o
    0x0800450e   0x000003d0   Code   RO         3556    i.USB_OTG_USBH_handle_hc_n_Out_ISR  usb_hcd_int.o
    0x080048de   0x0000012e   Code   RO         3557    i.USB_OTG_USBH_handle_nptxfempty_ISR  usb_hcd_int.o
    0x08004a0c   0x00000120   Code   RO         3558    i.USB_OTG_USBH_handle_port_ISR  usb_hcd_int.o
    0x08004b2c   0x0000012e   Code   RO         3559    i.USB_OTG_USBH_handle_ptxfempty_ISR  usb_hcd_int.o
    0x08004c5a   0x00000164   Code   RO         3560    i.USB_OTG_USBH_handle_rx_qlvl_ISR  usb_hcd_int.o
    0x08004dbe   0x00000002   PAD
    0x08004dc0   0x0000002c   Code   RO         3561    i.USB_OTG_USBH_handle_sof_ISR  usb_hcd_int.o
    0x08004dec   0x00000040   Code   RO         3319    i.USB_OTG_WritePacket  usb_core.o
    0x08004e2c   0x00000068   Code   RO          666    i.UartVarInit       bsp_usart.o
    0x08004e94   0x00000004   Code   RO          423    i.UsageFault_Handler  stm32f4xx_it.o
    0x08004e98   0x00000020   Code   RO         4301    i.__0printf$8       mc_w.l(printf8.o)
    0x08004eb8   0x00000028   Code   RO         4303    i.__0sprintf$8      mc_w.l(printf8.o)
    0x08004ee0   0x0000000e   Code   RO         4397    i.__scatterload_copy  mc_w.l(handlers.o)
    0x08004eee   0x00000002   Code   RO         4398    i.__scatterload_null  mc_w.l(handlers.o)
    0x08004ef0   0x0000000e   Code   RO         4399    i.__scatterload_zeroinit  mc_w.l(handlers.o)
    0x08004efe   0x00000002   PAD
    0x08004f00   0x00000410   Code   RO         4308    i._printf_core      mc_w.l(printf8.o)
    0x08005310   0x00000024   Code   RO         4309    i._printf_post_padding  mc_w.l(printf8.o)
    0x08005334   0x0000002e   Code   RO         4310    i._printf_pre_padding  mc_w.l(printf8.o)
    0x08005362   0x0000000a   Code   RO         4312    i._sputc            mc_w.l(printf8.o)
    0x0800536c   0x00000020   Code   RO          175    i.atoi              demo_mp3_player.o
    0x0800538c   0x00000064   Code   RO          535    i.bsp_CfgSPIForVS1053B  bsp_vs1053b.o
    0x080053f0   0x00000018   Code   RO          762    i.bsp_Generate_Random  bsp_rng.o
    0x08005408   0x00000002   Code   RO          495    i.bsp_Idle          bsp.o
    0x0800540a   0x00000014   Code   RO          496    i.bsp_Init          bsp.o
    0x0800541e   0x00000002   PAD
    0x08005420   0x0000007c   Code   RO          788    i.bsp_InitLed       bsp_led.o
    0x0800549c   0x0000006c   Code   RO          670    i.bsp_InitTIM7      bsp_usart.o
    0x08005508   0x00000098   Code   RO          312    i.bsp_InitTimer     bsp_timer.o
    0x080055a0   0x00000018   Code   RO          671    i.bsp_InitUart      bsp_usart.o
    0x080055b8   0x00000040   Code   RO          790    i.bsp_LedOff        bsp_led.o
    0x080055f8   0x00000012   Code   RO          763    i.bsp_RNG_Config    bsp_rng.o
    0x0800560a   0x00000002   Code   RO          497    i.bsp_RunPer10ms    bsp.o
    0x0800560c   0x00000002   Code   RO          498    i.bsp_RunPer1ms     bsp.o
    0x0800560e   0x0000001c   Code   RO          313    i.bsp_SoftTimerDec  bsp_timer.o
    0x0800562a   0x00000002   PAD
    0x0800562c   0x00000090   Code   RO         2715    i.check_fs          ff.o
    0x080056bc   0x00000014   Code   RO         2716    i.chk_chr           ff.o
    0x080056d0   0x0000008c   Code   RO         2717    i.chk_lock          ff.o
    0x0800575c   0x000003a4   Code   RO         2718    i.chk_mounted       ff.o
    0x08005b00   0x00000030   Code   RO         2719    i.clear_lock        ff.o
    0x08005b30   0x0000001a   Code   RO         2720    i.clust2sect        ff.o
    0x08005b4a   0x00000002   PAD
    0x08005b4c   0x00000090   Code   RO         2721    i.cmp_lfn           ff.o
    0x08005bdc   0x000000ca   Code   RO         2722    i.create_chain      ff.o
    0x08005ca6   0x00000002   PAD
    0x08005ca8   0x00000270   Code   RO         2723    i.create_name       ff.o
    0x08005f18   0x0000004c   Code   RO         2724    i.dec_lock          ff.o
    0x08005f64   0x00000056   Code   RO         2725    i.dir_alloc         ff.o
    0x08005fba   0x000000de   Code   RO         2726    i.dir_find          ff.o
    0x08006098   0x00000114   Code   RO         2727    i.dir_next          ff.o
    0x080061ac   0x000000c4   Code   RO         2728    i.dir_read          ff.o
    0x08006270   0x00000136   Code   RO         2729    i.dir_register      ff.o
    0x080063a6   0x0000009c   Code   RO         2731    i.dir_sdi           ff.o
    0x08006442   0x00000002   PAD
    0x08006444   0x00000028   Code   RO         2634    i.disk_initialize   diskio.o
    0x0800646c   0x00000060   Code   RO         2635    i.disk_ioctl        diskio.o
    0x080064cc   0x0000006c   Code   RO         2636    i.disk_read         diskio.o
    0x08006538   0x00000014   Code   RO         2637    i.disk_status       diskio.o
    0x0800654c   0x0000007c   Code   RO         2638    i.disk_write        diskio.o
    0x080065c8   0x00000028   Code   RO         2732    i.enq_lock          ff.o
    0x080065f0   0x00000020   Code   RO         2734    i.f_close           ff.o
    0x08006610   0x00000034   Code   RO         2738    i.f_mount           ff.o
    0x08006644   0x000001a0   Code   RO         2739    i.f_open            ff.o
    0x080067e4   0x00000078   Code   RO         2740    i.f_opendir         ff.o
    0x0800685c   0x000001ca   Code   RO         2741    i.f_read            ff.o
    0x08006a26   0x00000064   Code   RO         2742    i.f_readdir         ff.o
    0x08006a8a   0x000000b0   Code   RO         2745    i.f_sync            ff.o
    0x08006b3a   0x00000002   PAD
    0x08006b3c   0x0000007c   Code   RO         3016    i.ff_convert        cc936.o
    0x08006bb8   0x00000038   Code   RO         3017    i.ff_wtoupper       cc936.o
    0x08006bf0   0x00000080   Code   RO         2750    i.fit_lfn           ff.o
    0x08006c70   0x00000092   Code   RO         2751    i.follow_path       ff.o
    0x08006d02   0x00000002   PAD
    0x08006d04   0x00000024   Code   RO          673    i.fputc             bsp_usart.o
    0x08006d28   0x000000be   Code   RO         2752    i.gen_numname       ff.o
    0x08006de6   0x000000e4   Code   RO         2753    i.get_fat           ff.o
    0x08006eca   0x00000002   PAD
    0x08006ecc   0x00000008   Code   RO         2639    i.get_fattime       diskio.o
    0x08006ed4   0x0000013c   Code   RO         2754    i.get_fileinfo      ff.o
    0x08007010   0x000000dc   Code   RO         2755    i.inc_lock          ff.o
    0x080070ec   0x00000020   Code   RO         2756    i.ld_clust          ff.o
    0x0800710c   0x0000000e   Code   RO            3    i.main              main.o
    0x0800711a   0x00000026   Code   RO         2757    i.mem_cmp           ff.o
    0x08007140   0x0000001a   Code   RO         2758    i.mem_cpy           ff.o
    0x0800715a   0x00000014   Code   RO         2759    i.mem_set           ff.o
    0x0800716e   0x00000032   Code   RO         2760    i.move_window       ff.o
    0x080071a0   0x00000074   Code   RO         2761    i.pick_lfn          ff.o
    0x08007214   0x00000136   Code   RO         2762    i.put_fat           ff.o
    0x0800734a   0x00000068   Code   RO         2763    i.remove_chain      ff.o
    0x080073b2   0x00000010   Code   RO         2764    i.st_clust          ff.o
    0x080073c2   0x00000020   Code   RO         2765    i.sum_sfn           ff.o
    0x080073e2   0x000000c8   Code   RO         2766    i.sync_fs           ff.o
    0x080074aa   0x00000052   Code   RO         2767    i.sync_window       ff.o
    0x080074fc   0x00000178   Code   RO          176    i.ush_usr_action    demo_mp3_player.o
    0x08007674   0x0000004c   Code   RO          177    i.ush_usr_fs_init   demo_mp3_player.o
    0x080076c0   0x00000036   Code   RO         2768    i.validate          ff.o
    0x080076f6   0x00000002   PAD
    0x080076f8   0x000000c0   Code   RO          536    i.vs1053_Init       bsp_vs1053b.o
    0x080077b8   0x00000018   Code   RO          537    i.vs1053_PreWriteData  bsp_vs1053b.o
    0x080077d0   0x0000000a   Code   RO          538    i.vs1053_ReadByte   bsp_vs1053b.o
    0x080077da   0x00000010   Code   RO          539    i.vs1053_ReadChipID  bsp_vs1053b.o
    0x080077ea   0x00000002   PAD
    0x080077ec   0x00000048   Code   RO          540    i.vs1053_ReadReg    bsp_vs1053b.o
    0x08007834   0x00000018   Code   RO          541    i.vs1053_ReqNewData  bsp_vs1053b.o
    0x0800784c   0x0000007e   Code   RO          542    i.vs1053_SetBASS    bsp_vs1053b.o
    0x080078ca   0x00000024   Code   RO          543    i.vs1053_SetVolume  bsp_vs1053b.o
    0x080078ee   0x0000005c   Code   RO          544    i.vs1053_SoftReset  bsp_vs1053b.o
    0x0800794a   0x00000002   PAD
    0x0800794c   0x00000030   Code   RO          547    i.vs1053_WaitTimeOut  bsp_vs1053b.o
    0x0800797c   0x00000038   Code   RO          548    i.vs1053_WriteByte  bsp_vs1053b.o
    0x080079b4   0x00000048   Code   RO          549    i.vs1053_WriteCmd   bsp_vs1053b.o
    0x080079fc   0x00000028   Code   RO          550    i.vs1053_WriteData  bsp_vs1053b.o
    0x08007a24   0x000004ba   Data   RO          551    .constdata          bsp_vs1053b.o
    0x08007ede   0x0000000d   Data   RO         2770    .constdata          ff.o
    0x08007eeb   0x00000001   PAD
    0x08007eec   0x0002acc8   Data   RO         3018    .constdata          cc936.o
    0x08032bb4   0x000001a9   Data   RO         3170    .constdata          usbh_usr.o
    0x08032d5d   0x00000003   PAD
    0x08032d60   0x00000020   Data   RO         4395    Region$$Table       anon$$obj.o


    Execution Region RW_IRAM1 (Base: 0x20000000, Size: 0x0001a8e0, Max: 0x00020000, ABSOLUTE)

    Base Addr    Size         Type   Attr      Idx    E Section Name        Object

    0x20000000   0x00000002   Data   RW          179    .data               demo_mp3_player.o
    0x20000002   0x00000002   PAD
    0x20000004   0x0000000d   Data   RW          319    .data               bsp_timer.o
    0x20000011   0x00000010   Data   RW          891    .data               stm32f4xx_rcc.o
    0x20000021   0x00000003   PAD
    0x20000024   0x00000014   Data   RW         2600    .data               system_stm32f4xx.o
    0x20000038   0x00000001   Data   RW         2640    .data               diskio.o
    0x20000039   0x00000003   PAD
    0x2000003c   0x0000000a   Data   RW         2771    .data               ff.o
    0x20000046   0x00000002   PAD
    0x20000048   0x00000008   Data   RW         3060    .data               usb_bsp.o
    0x20000050   0x0000004d   Data   RW         3171    .data               usbh_usr.o
    0x2000009d   0x00000003   PAD
    0x200000a0   0x00000011   Data   RW         3626    .data               usbh_msc_bot.o
    0x200000b1   0x00000003   PAD
    0x200000b4   0x0000001d   Data   RW         3674    .data               usbh_msc_core.o
    0x200000d1   0x00000001   Data   RW         3730    .data               usbh_msc_scsi.o
    0x200000d2   0x00000002   PAD
    0x200000d4   0x00000012   Data   RW         3789    .data               usbh_core.o
    0x200000e6   0x00000003   Data   RW         3996    .data               usbh_stdreq.o
    0x200000e9   0x00000003   PAD
    0x200000ec   0x00000004   Data   RW         4369    .data               mc_w.l(stdout.o)
    0x200000f0   0x000148e0   Zero   RW          178    .bss                demo_mp3_player.o
    0x200149d0   0x00000030   Zero   RW          317    .bss                bsp_timer.o
    0x20014a00   0x00001030   Zero   RW          674    .bss                bsp_usart.o
    0x20015a30   0x00000024   Zero   RW         2769    .bss                ff.o
    0x20015a54   0x00000630   Zero   RW         3169    .bss                usbh_usr.o
    0x20016084   0x00000040   Zero   RW         3625    .bss                usbh_msc_bot.o
    0x200160c4   0x0000020a   Zero   RW         3673    .bss                usbh_msc_core.o
    0x200162ce   0x00000002   PAD
    0x200162d0   0x00000410   Zero   RW         3729    .bss                usbh_msc_scsi.o
    0x200166e0   0x00000200   Zero   RW         3995    .bss                usbh_stdreq.o
    0x200168e0   0x00004000   Zero   RW          830    STACK               startup_stm32f40_41xxx.o


==============================================================================

Image component sizes


      Code (inc. data)   RO Data    RW Data    ZI Data      Debug   Object Name

        26          0          0          0          0       1955   bsp.o
       188         24          0          0          0       1195   bsp_led.o
        42          0          0          0          0       1127   bsp_rng.o
       320         38          0         13         48      30920   bsp_timer.o
      1184        116          0          0       4144       7419   bsp_usart.o
      1032         82       1210          0          0      10585   bsp_vs1053b.o
       180         18     175304          0          0       2711   cc936.o
      1376        454          0          2      84192      28746   demo_mp3_player.o
       396         56          0          1          0      16596   diskio.o
      7304         88         13         10         36      36618   ff.o
        14          0          0          0          0     305443   main.o
       160         32          0          0          0       2409   misc.o
        36          8        392          0      16384        952   startup_stm32f40_41xxx.o
       174         32          0          0          0       3452   stm32f4xx_dma.o
       214          0          0          0          0       2007   stm32f4xx_gpio.o
       108         50          0          0          0       4168   stm32f4xx_it.o
       360         42          0         16          0       5704   stm32f4xx_rcc.o
        72         16          0          0          0       1828   stm32f4xx_rng.o
       112          0          0          0          0       3934   stm32f4xx_spi.o
       238         28          0          0          0       4773   stm32f4xx_tim.o
       474          8          0          0          0       7358   stm32f4xx_usart.o
       340         32          0         20          0       1993   system_stm32f4xx.o
       414         16          0          8          0       6628   usb_bsp.o
      3020         18          0          0          0      19911   usb_core.o
       202          0          0          0          0       5587   usb_hcd.o
      3702         16          0          0          0      10927   usb_hcd_int.o
      1634         42          0         18          0       9505   usbh_core.o
       390          0          0          0          0       4848   usbh_hcs.o
       560          0          0          0          0       5810   usbh_ioreq.o
        24          6          0          0          0       1066   usbh_it.o
      1140        100          0         17         64       7077   usbh_msc_bot.o
       876         62          0         29        522       7049   usbh_msc_core.o
      1312         88          0          1       1040       7680   usbh_msc_scsi.o
       942         14          0          3        512      10905   usbh_stdreq.o
       674        350        425         77       1584      12415   usbh_usr.o

    ----------------------------------------------------------------------
     29292       1836     177380        236     108528     591301   Object Totals
         0          0         32          0          0          0   (incl. Generated)
        52          0          4         21          2          0   (incl. Padding)

    ----------------------------------------------------------------------

      Code (inc. data)   RO Data    RW Data    ZI Data      Debug   Library Member Name

         0          0          0          0          0          0   entry.o
         0          0          0          0          0          0   entry10a.o
         0          0          0          0          0          0   entry11a.o
         8          4          0          0          0          0   entry2.o
         4          0          0          0          0          0   entry5.o
         0          0          0          0          0          0   entry7b.o
         0          0          0          0          0          0   entry8b.o
         8          4          0          0          0          0   entry9a.o
        30          0          0          0          0          0   handlers.o
        36          8          0          0          0         68   init.o
        30          0          0          0          0         68   llshl.o
        32          0          0          0          0         68   llushr.o
        26          0          0          0          0         80   memcmp.o
        36          0          0          0          0         68   memcpya.o
        36          0          0          0          0        108   memseta.o
      1204         60          0          0          0        504   printf8.o
         0          0          0          4          0          0   stdout.o
        18          0          0          0          0         68   strcpy.o
        14          0          0          0          0         68   strlen.o
        98          0          0          0          0         92   uldiv.o

    ----------------------------------------------------------------------
      1584         76          0          4          0       1192   Library Totals
         4          0          0          0          0          0   (incl. Padding)

    ----------------------------------------------------------------------

      Code (inc. data)   RO Data    RW Data    ZI Data      Debug   Library Name

      1580         76          0          4          0       1192   mc_w.l

    ----------------------------------------------------------------------
      1584         76          0          4          0       1192   Library Totals

    ----------------------------------------------------------------------

==============================================================================


      Code (inc. data)   RO Data    RW Data    ZI Data      Debug   

     30876       1912     177380        240     108528     565725   Grand Totals
     30876       1912     177380        240     108528     565725   ELF Image Totals
     30876       1912     177380        240          0          0   ROM Totals

==============================================================================

    Total RO  Size (Code + RO Data)               208256 ( 203.38kB)
    Total RW  Size (RW Data + ZI Data)            108768 ( 106.22kB)
    Total ROM Size (Code + RO Data + RW Data)     208496 ( 203.61kB)

==============================================================================

